Archive member included to satisfy reference by file (symbol)

/home/ferne/Embedded/arm/arm-gnu-toolchain-15.2.rel1-x86_64-arm-none-eabi/bin/../lib/gcc/arm-none-eabi/15.2.1/../../../../arm-none-eabi/lib/thumb/v7e-m+fp/hard/libc_nano.a(libc_a-exit.o)
                              /home/ferne/Embedded/arm/arm-gnu-toolchain-15.2.rel1-x86_64-arm-none-eabi/bin/../lib/gcc/arm-none-eabi/15.2.1/../../../../arm-none-eabi/lib/thumb/v7e-m+fp/hard/crt0.o (exit)
/home/ferne/Embedded/arm/arm-gnu-toolchain-15.2.rel1-x86_64-arm-none-eabi/bin/../lib/gcc/arm-none-eabi/15.2.1/../../../../arm-none-eabi/lib/thumb/v7e-m+fp/hard/libc_nano.a(libc_a-findfp.o)
                              /home/ferne/Embedded/arm/arm-gnu-toolchain-15.2.rel1-x86_64-arm-none-eabi/bin/../lib/gcc/arm-none-eabi/15.2.1/../../../../arm-none-eabi/lib/thumb/v7e-m+fp/hard/libc_nano.a(libc_a-exit.o) (__stdio_exit_handler)
/home/ferne/Embedded/arm/arm-gnu-toolchain-15.2.rel1-x86_64-arm-none-eabi/bin/../lib/gcc/arm-none-eabi/15.2.1/../../../../arm-none-eabi/lib/thumb/v7e-m+fp/hard/libc_nano.a(libc_a-fwalk.o)
                              /home/ferne/Embedded/arm/arm-gnu-toolchain-15.2.rel1-x86_64-arm-none-eabi/bin/../lib/gcc/arm-none-eabi/15.2.1/../../../../arm-none-eabi/lib/thumb/v7e-m+fp/hard/libc_nano.a(libc_a-findfp.o) (_fwalk_sglue)
/home/ferne/Embedded/arm/arm-gnu-toolchain-15.2.rel1-x86_64-arm-none-eabi/bin/../lib/gcc/arm-none-eabi/15.2.1/../../../../arm-none-eabi/lib/thumb/v7e-m+fp/hard/libc_nano.a(libc_a-stdio.o)
                              /home/ferne/Embedded/arm/arm-gnu-toolchain-15.2.rel1-x86_64-arm-none-eabi/bin/../lib/gcc/arm-none-eabi/15.2.1/../../../../arm-none-eabi/lib/thumb/v7e-m+fp/hard/libc_nano.a(libc_a-findfp.o) (__sread)
/home/ferne/Embedded/arm/arm-gnu-toolchain-15.2.rel1-x86_64-arm-none-eabi/bin/../lib/gcc/arm-none-eabi/15.2.1/../../../../arm-none-eabi/lib/thumb/v7e-m+fp/hard/libc_nano.a(libc_a-memset.o)
                              /home/ferne/Embedded/arm/arm-gnu-toolchain-15.2.rel1-x86_64-arm-none-eabi/bin/../lib/gcc/arm-none-eabi/15.2.1/../../../../arm-none-eabi/lib/thumb/v7e-m+fp/hard/crt0.o (memset)
/home/ferne/Embedded/arm/arm-gnu-toolchain-15.2.rel1-x86_64-arm-none-eabi/bin/../lib/gcc/arm-none-eabi/15.2.1/../../../../arm-none-eabi/lib/thumb/v7e-m+fp/hard/libc_nano.a(libc_a-closer.o)
                              /home/ferne/Embedded/arm/arm-gnu-toolchain-15.2.rel1-x86_64-arm-none-eabi/bin/../lib/gcc/arm-none-eabi/15.2.1/../../../../arm-none-eabi/lib/thumb/v7e-m+fp/hard/libc_nano.a(libc_a-stdio.o) (_close_r)
/home/ferne/Embedded/arm/arm-gnu-toolchain-15.2.rel1-x86_64-arm-none-eabi/bin/../lib/gcc/arm-none-eabi/15.2.1/../../../../arm-none-eabi/lib/thumb/v7e-m+fp/hard/libc_nano.a(libc_a-reent.o)
                              /home/ferne/Embedded/arm/arm-gnu-toolchain-15.2.rel1-x86_64-arm-none-eabi/bin/../lib/gcc/arm-none-eabi/15.2.1/../../../../arm-none-eabi/lib/thumb/v7e-m+fp/hard/libc_nano.a(libc_a-closer.o) (errno)
/home/ferne/Embedded/arm/arm-gnu-toolchain-15.2.rel1-x86_64-arm-none-eabi/bin/../lib/gcc/arm-none-eabi/15.2.1/../../../../arm-none-eabi/lib/thumb/v7e-m+fp/hard/libc_nano.a(libc_a-impure.o)
                              /home/ferne/Embedded/arm/arm-gnu-toolchain-15.2.rel1-x86_64-arm-none-eabi/bin/../lib/gcc/arm-none-eabi/15.2.1/../../../../arm-none-eabi/lib/thumb/v7e-m+fp/hard/libc_nano.a(libc_a-reent.o) (_impure_ptr)
/home/ferne/Embedded/arm/arm-gnu-toolchain-15.2.rel1-x86_64-arm-none-eabi/bin/../lib/gcc/arm-none-eabi/15.2.1/../../../../arm-none-eabi/lib/thumb/v7e-m+fp/hard/libc_nano.a(libc_a-lseekr.o)
                              /home/ferne/Embedded/arm/arm-gnu-toolchain-15.2.rel1-x86_64-arm-none-eabi/bin/../lib/gcc/arm-none-eabi/15.2.1/../../../../arm-none-eabi/lib/thumb/v7e-m+fp/hard/libc_nano.a(libc_a-stdio.o) (_lseek_r)
/home/ferne/Embedded/arm/arm-gnu-toolchain-15.2.rel1-x86_64-arm-none-eabi/bin/../lib/gcc/arm-none-eabi/15.2.1/../../../../arm-none-eabi/lib/thumb/v7e-m+fp/hard/libc_nano.a(libc_a-readr.o)
                              /home/ferne/Embedded/arm/arm-gnu-toolchain-15.2.rel1-x86_64-arm-none-eabi/bin/../lib/gcc/arm-none-eabi/15.2.1/../../../../arm-none-eabi/lib/thumb/v7e-m+fp/hard/libc_nano.a(libc_a-stdio.o) (_read_r)
/home/ferne/Embedded/arm/arm-gnu-toolchain-15.2.rel1-x86_64-arm-none-eabi/bin/../lib/gcc/arm-none-eabi/15.2.1/../../../../arm-none-eabi/lib/thumb/v7e-m+fp/hard/libc_nano.a(libc_a-writer.o)
                              /home/ferne/Embedded/arm/arm-gnu-toolchain-15.2.rel1-x86_64-arm-none-eabi/bin/../lib/gcc/arm-none-eabi/15.2.1/../../../../arm-none-eabi/lib/thumb/v7e-m+fp/hard/libc_nano.a(libc_a-stdio.o) (_write_r)
/home/ferne/Embedded/arm/arm-gnu-toolchain-15.2.rel1-x86_64-arm-none-eabi/bin/../lib/gcc/arm-none-eabi/15.2.1/../../../../arm-none-eabi/lib/thumb/v7e-m+fp/hard/libc_nano.a(libc_a-errno.o)
                              build-make/sysmem.o (__errno)
[...]
Memory Configuration

Name             Origin             Length             Attributes
RAM              0x20000000         0x00008000         xrw
FLASH            0x08000000         0x00020000         xr
*default*        0x00000000         0xffffffff

Linker script and memory map

LOAD /home/ferne/Embedded/arm/arm-gnu-toolchain-15.2.rel1-x86_64-arm-none-eabi/bin/../lib/gcc/arm-none-eabi/15.2.1/thumb/v7e-m+fp/hard/crti.o
LOAD /home/ferne/Embedded/arm/arm-gnu-toolchain-15.2.rel1-x86_64-arm-none-eabi/bin/../lib/gcc/arm-none-eabi/15.2.1/thumb/v7e-m+fp/hard/crtbegin.o
LOAD /home/ferne/Embedded/arm/arm-gnu-toolchain-15.2.rel1-x86_64-arm-none-eabi/bin/../lib/gcc/arm-none-eabi/15.2.1/../../../../arm-none-eabi/lib/thumb/v7e-m+fp/hard/crt0.o
LOAD build-make/main.o
LOAD build-make/gpio.o
LOAD build-make/usart.o
LOAD build-make/stm32g4xx_it.o
LOAD build-make/stm32g4xx_hal_msp.o
LOAD build-make/stm32g4xx_hal_pwr_ex.o
LOAD build-make/stm32g4xx_hal_uart.o
LOAD build-make/stm32g4xx_hal_uart_ex.o
LOAD build-make/stm32g4xx_hal.o
LOAD build-make/stm32g4xx_hal_rcc.o
LOAD build-make/stm32g4xx_hal_rcc_ex.o
LOAD build-make/stm32g4xx_hal_flash.o
LOAD build-make/stm32g4xx_hal_flash_ex.o
LOAD build-make/stm32g4xx_hal_flash_ramfunc.o
LOAD build-make/stm32g4xx_hal_gpio.o
LOAD build-make/stm32g4xx_hal_exti.o
LOAD build-make/stm32g4xx_hal_dma.o
LOAD build-make/stm32g4xx_hal_dma_ex.o
LOAD build-make/stm32g4xx_hal_pwr.o
LOAD build-make/stm32g4xx_hal_cortex.o
LOAD build-make/system_stm32g4xx.o
LOAD build-make/sysmem.o
LOAD build-make/syscalls.o
LOAD build-make/startup_stm32g431xx.o
LOAD /home/ferne/Embedded/arm/arm-gnu-toolchain-15.2.rel1-x86_64-arm-none-eabi/bin/../lib/gcc/arm-none-eabi/15.2.1/../../../../arm-none-eabi/lib/thumb/v7e-m+fp/hard/libc_nano.a
LOAD /home/ferne/Embedded/arm/arm-gnu-toolchain-15.2.rel1-x86_64-arm-none-eabi/bin/../lib/gcc/arm-none-eabi/15.2.1/../../../../arm-none-eabi/lib/thumb/v7e-m+fp/hard/libm.a
LOAD /home/ferne/Embedded/arm/arm-gnu-toolchain-15.2.rel1-x86_64-arm-none-eabi/bin/../lib/gcc/arm-none-eabi/15.2.1/../../../../arm-none-eabi/lib/thumb/v7e-m+fp/hard/libnosys.a
START GROUP
LOAD /home/ferne/Embedded/arm/arm-gnu-toolchain-15.2.rel1-x86_64-arm-none-eabi/bin/../lib/gcc/arm-none-eabi/15.2.1/thumb/v7e-m+fp/hard/libgcc.a
LOAD /home/ferne/Embedded/arm/arm-gnu-toolchain-15.2.rel1-x86_64-arm-none-eabi/bin/../lib/gcc/arm-none-eabi/15.2.1/../../../../arm-none-eabi/lib/thumb/v7e-m+fp/hard/libc_nano.a
END GROUP
START GROUP
LOAD /home/ferne/Embedded/arm/arm-gnu-toolchain-15.2.rel1-x86_64-arm-none-eabi/bin/../lib/gcc/arm-none-eabi/15.2.1/thumb/v7e-m+fp/hard/libgcc.a
LOAD /home/ferne/Embedded/arm/arm-gnu-toolchain-15.2.rel1-x86_64-arm-none-eabi/bin/../lib/gcc/arm-none-eabi/15.2.1/../../../../arm-none-eabi/lib/thumb/v7e-m+fp/hard/libc_nano.a
END GROUP
LOAD /home/ferne/Embedded/arm/arm-gnu-toolchain-15.2.rel1-x86_64-arm-none-eabi/bin/../lib/gcc/arm-none-eabi/15.2.1/thumb/v7e-m+fp/hard/crtend.o
LOAD /home/ferne/Embedded/arm/arm-gnu-toolchain-15.2.rel1-x86_64-arm-none-eabi/bin/../lib/gcc/arm-none-eabi/15.2.1/thumb/v7e-m+fp/hard/crtn.o
                0x20008000                        _estack = (ORIGIN (RAM) + LENGTH (RAM))
                0x00000200                        _Min_Heap_Size = 0x200
                0x00000400                        _Min_Stack_Size = 0x400

.isr_vector     0x08000000      0x1d8
                0x08000000                        . = ALIGN (0x4)
 *(.isr_vector)
 .isr_vector    0x08000000      0x1d8 build-make/startup_stm32g431xx.o
                0x08000000                g_pfnVectors
                0x080001d8                        . = ALIGN (0x4)

.text           0x080001d8     0x1db4
                0x080001d8                        . = ALIGN (0x4)
 *(.text)
 .text          0x080001d8       0x30 /home/ferne/Embedded/arm/arm-gnu-toolchain-15.2.rel1-x86_64-arm-none-eabi/bin/../lib/gcc/arm-none-eabi/15.2.1/thumb/v7e-m+fp/hard/libgcc.a(_aeabi_uldivmod.o)
                0x080001d8                __aeabi_uldivmod
 .text          0x08000208        0x4 /home/ferne/Embedded/arm/arm-gnu-toolchain-15.2.rel1-x86_64-arm-none-eabi/bin/../lib/gcc/arm-none-eabi/15.2.1/thumb/v7e-m+fp/hard/libgcc.a(_dvmd_tls.o)
                0x08000208                __aeabi_ldiv0
                0x08000208                __aeabi_idiv0
 *(.text*)
 .text.Error_Handler
                0x0800020c        0x4 build-make/main.o
                0x0800020c                Error_Handler
 .text.SystemClock_Config
                0x08000210       0x6e build-make/main.o
                0x08000210                SystemClock_Config
 *fill*         0x0800027e        0x2 
 .text.main     0x08000280       0x44 build-make/main.o
                0x08000280                main
 .text.MX_GPIO_Init
                0x080002c4       0xa0 build-make/gpio.o
                0x080002c4                MX_GPIO_Init
 .text.MX_USART1_UART_Init
                0x08000364       0x68 build-make/usart.o
                0x08000364                MX_USART1_UART_Init
 .text.HAL_UART_MspInit
                0x080003cc       0x88 build-make/usart.o
                0x080003cc                HAL_UART_MspInit
 .text.NMI_Handler
                0x08000454        0x2 build-make/stm32g4xx_it.o
                0x08000454                NMI_Handler
 .text.HardFault_Handler
                0x08000456        0x2 build-make/stm32g4xx_it.o
                0x08000456                HardFault_Handler
 .text.MemManage_Handler
                0x08000458        0x2 build-make/stm32g4xx_it.o
                0x08000458                MemManage_Handler
 .text.BusFault_Handler
                0x0800045a        0x2 build-make/stm32g4xx_it.o
                0x0800045a                BusFault_Handler
 .text.UsageFault_Handler
                0x0800045c        0x2 build-make/stm32g4xx_it.o
                0x0800045c                UsageFault_Handler
 .text.SVC_Handler
                0x0800045e        0x2 build-make/stm32g4xx_it.o
                0x0800045e                SVC_Handler
 .text.DebugMon_Handler
                0x08000460        0x2 build-make/stm32g4xx_it.o
                0x08000460                DebugMon_Handler
 .text.PendSV_Handler
                0x08000462        0x2 build-make/stm32g4xx_it.o
                0x08000462                PendSV_Handler
 .text.SysTick_Handler
                0x08000464        0x8 build-make/stm32g4xx_it.o
                0x08000464                SysTick_Handler
 .text.HAL_MspInit
                0x0800046c       0x38 build-make/stm32g4xx_hal_msp.o
                0x0800046c                HAL_MspInit
 .text.HAL_PWREx_ControlVoltageScaling
                0x080004a4      0x10c build-make/stm32g4xx_hal_pwr_ex.o
                0x080004a4                HAL_PWREx_ControlVoltageScaling
 .text.HAL_PWREx_DisableUCPDDeadBattery
                0x080005b0       0x10 build-make/stm32g4xx_hal_pwr_ex.o
                0x080005b0                HAL_PWREx_DisableUCPDDeadBattery
 .text.UART_EndRxTransfer
                0x080005c0       0x56 build-make/stm32g4xx_hal_uart.o
 *fill*         0x08000616        0x2 
 .text.UART_SetConfig
                0x08000618      0x33c build-make/stm32g4xx_hal_uart.o
                0x08000618                UART_SetConfig
 .text.UART_AdvFeatureConfig
                0x08000954       0xca build-make/stm32g4xx_hal_uart.o
                0x08000954                UART_AdvFeatureConfig
 .text.UART_WaitOnFlagUntilTimeout
                0x08000a1e       0x9c build-make/stm32g4xx_hal_uart.o
                0x08000a1e                UART_WaitOnFlagUntilTimeout
 .text.UART_CheckIdleState
                0x08000aba       0xc6 build-make/stm32g4xx_hal_uart.o
                0x08000aba                UART_CheckIdleState
 .text.HAL_UART_Init
                0x08000b80       0x66 build-make/stm32g4xx_hal_uart.o
                0x08000b80                HAL_UART_Init
 *fill*         0x08000be6        0x2 
 .text.UARTEx_SetNbDataToProcess
                0x08000be8       0x54 build-make/stm32g4xx_hal_uart_ex.o
 .text.HAL_UARTEx_DisableFifoMode
                0x08000c3c       0x3e build-make/stm32g4xx_hal_uart_ex.o
                0x08000c3c                HAL_UARTEx_DisableFifoMode
 .text.HAL_UARTEx_SetTxFifoThreshold
                0x08000c7a       0x4a build-make/stm32g4xx_hal_uart_ex.o
                0x08000c7a                HAL_UARTEx_SetTxFifoThreshold
 .text.HAL_UARTEx_SetRxFifoThreshold
                0x08000cc4       0x4a build-make/stm32g4xx_hal_uart_ex.o
                0x08000cc4                HAL_UARTEx_SetRxFifoThreshold
 *fill*         0x08000d0e        0x2 
 .text.HAL_InitTick
                0x08000d10       0x50 build-make/stm32g4xx_hal.o
                0x08000d10                HAL_InitTick
 .text.HAL_Init
                0x08000d60       0x20 build-make/stm32g4xx_hal.o
                0x08000d60                HAL_Init
 .text.HAL_IncTick
                0x08000d80       0x18 build-make/stm32g4xx_hal.o
                0x08000d80                HAL_IncTick
 .text.HAL_GetTick
                0x08000d98        0xc build-make/stm32g4xx_hal.o
                0x08000d98                HAL_GetTick
 .text.HAL_Delay
                0x08000da4       0x28 build-make/stm32g4xx_hal.o
                0x08000da4                HAL_Delay
 .text.RCC_GetSysClockFreqFromPLLSource
                0x08000dcc       0x58 build-make/stm32g4xx_hal_rcc.o
 .text.HAL_RCC_OscConfig
                0x08000e24      0x4e8 build-make/stm32g4xx_hal_rcc.o
                0x08000e24                HAL_RCC_OscConfig
 .text.HAL_RCC_GetSysClockFreq
                0x0800130c       0x88 build-make/stm32g4xx_hal_rcc.o
                0x0800130c                HAL_RCC_GetSysClockFreq
 .text.HAL_RCC_ClockConfig
                0x08001394      0x204 build-make/stm32g4xx_hal_rcc.o
                0x08001394                HAL_RCC_ClockConfig
 .text.HAL_RCC_GetHCLKFreq
                0x08001598        0xc build-make/stm32g4xx_hal_rcc.o
                0x08001598                HAL_RCC_GetHCLKFreq
 .text.HAL_RCC_GetPCLK1Freq
                0x080015a4       0x24 build-make/stm32g4xx_hal_rcc.o
                0x080015a4                HAL_RCC_GetPCLK1Freq
 .text.HAL_RCC_GetPCLK2Freq
                0x080015c8       0x24 build-make/stm32g4xx_hal_rcc.o
                0x080015c8                HAL_RCC_GetPCLK2Freq
 .text.HAL_RCCEx_PeriphCLKConfig
                0x080015ec      0x2ec build-make/stm32g4xx_hal_rcc_ex.o
                0x080015ec                HAL_RCCEx_PeriphCLKConfig
 .text.HAL_GPIO_Init
                0x080018d8      0x1d4 build-make/stm32g4xx_hal_gpio.o
                0x080018d8                HAL_GPIO_Init
 .text.HAL_GPIO_WritePin
                0x08001aac        0xa build-make/stm32g4xx_hal_gpio.o
                0x08001aac                HAL_GPIO_WritePin
 *fill*         0x08001ab6        0x2 
 .text.__NVIC_SetPriority
                0x08001ab8       0x28 build-make/stm32g4xx_hal_cortex.o
 .text.NVIC_EncodePriority
                0x08001ae0       0x46 build-make/stm32g4xx_hal_cortex.o
 *fill*         0x08001b26        0x2 
 .text.HAL_NVIC_SetPriorityGrouping
                0x08001b28       0x24 build-make/stm32g4xx_hal_cortex.o
                0x08001b28                HAL_NVIC_SetPriorityGrouping
 .text.HAL_NVIC_SetPriority
                0x08001b4c       0x20 build-make/stm32g4xx_hal_cortex.o
                0x08001b4c                HAL_NVIC_SetPriority
 .text.HAL_SYSTICK_Config
                0x08001b6c       0x28 build-make/stm32g4xx_hal_cortex.o
                0x08001b6c                HAL_SYSTICK_Config
 .text.SystemInit
                0x08001b94       0x14 build-make/system_stm32g4xx.o
                0x08001b94                SystemInit
 .text.Reset_Handler
                0x08001ba8       0x50 build-make/startup_stm32g431xx.o
                0x08001ba8                Reset_Handler
 .text.Default_Handler
                0x08001bf8        0x2 build-make/startup_stm32g431xx.o
                0x08001bf8                RTC_Alarm_IRQHandler
                0x08001bf8                EXTI2_IRQHandler
                0x08001bf8                TIM8_TRG_COM_IRQHandler
                0x08001bf8                TIM8_CC_IRQHandler
                0x08001bf8                TIM1_CC_IRQHandler
                0x08001bf8                USB_HP_IRQHandler
                0x08001bf8                CORDIC_IRQHandler
                0x08001bf8                EXTI3_IRQHandler
                0x08001bf8                I2C3_ER_IRQHandler
                0x08001bf8                EXTI0_IRQHandler
                0x08001bf8                I2C2_EV_IRQHandler
                0x08001bf8                FPU_IRQHandler
                0x08001bf8                FDCAN1_IT1_IRQHandler
                0x08001bf8                TIM1_UP_TIM16_IRQHandler
                0x08001bf8                ADC1_2_IRQHandler
                0x08001bf8                SPI1_IRQHandler
                0x08001bf8                TIM6_DAC_IRQHandler
                0x08001bf8                TIM8_UP_IRQHandler
                0x08001bf8                DMA2_Channel2_IRQHandler
                0x08001bf8                DMA1_Channel4_IRQHandler
                0x08001bf8                USART3_IRQHandler
                0x08001bf8                TIM4_IRQHandler
                0x08001bf8                DMA2_Channel1_IRQHandler
                0x08001bf8                I2C1_EV_IRQHandler
                0x08001bf8                DMA1_Channel6_IRQHandler
                0x08001bf8                UART4_IRQHandler
                0x08001bf8                DMA2_Channel4_IRQHandler
                0x08001bf8                TIM3_IRQHandler
                0x08001bf8                RCC_IRQHandler
                0x08001bf8                DMA1_Channel1_IRQHandler
                0x08001bf8                Default_Handler
                0x08001bf8                RTC_TAMP_LSECSS_IRQHandler
                0x08001bf8                FMAC_IRQHandler
                0x08001bf8                EXTI15_10_IRQHandler
                0x08001bf8                TIM7_IRQHandler
                0x08001bf8                UCPD1_IRQHandler
                0x08001bf8                I2C3_EV_IRQHandler
                0x08001bf8                EXTI9_5_IRQHandler
                0x08001bf8                RTC_WKUP_IRQHandler
                0x08001bf8                PVD_PVM_IRQHandler
                0x08001bf8                SPI2_IRQHandler
                0x08001bf8                DMA2_Channel5_IRQHandler
                0x08001bf8                CRS_IRQHandler
                0x08001bf8                DMA1_Channel5_IRQHandler
                0x08001bf8                USB_LP_IRQHandler
                0x08001bf8                EXTI4_IRQHandler
                0x08001bf8                RNG_IRQHandler
                0x08001bf8                TIM1_TRG_COM_TIM17_IRQHandler
                0x08001bf8                DMA1_Channel3_IRQHandler
                0x08001bf8                WWDG_IRQHandler
                0x08001bf8                LPUART1_IRQHandler
                0x08001bf8                DMA2_Channel6_IRQHandler
                0x08001bf8                FDCAN1_IT0_IRQHandler
                0x08001bf8                TIM2_IRQHandler
                0x08001bf8                COMP1_2_3_IRQHandler
                0x08001bf8                EXTI1_IRQHandler
                0x08001bf8                USART2_IRQHandler
                0x08001bf8                I2C2_ER_IRQHandler
                0x08001bf8                DMA1_Channel2_IRQHandler
                0x08001bf8                TIM8_BRK_IRQHandler
                0x08001bf8                FLASH_IRQHandler
                0x08001bf8                USART1_IRQHandler
                0x08001bf8                SPI3_IRQHandler
                0x08001bf8                I2C1_ER_IRQHandler
                0x08001bf8                LPTIM1_IRQHandler
                0x08001bf8                DMAMUX_OVR_IRQHandler
                0x08001bf8                USBWakeUp_IRQHandler
                0x08001bf8                SAI1_IRQHandler
                0x08001bf8                DMA2_Channel3_IRQHandler
                0x08001bf8                COMP4_IRQHandler
                0x08001bf8                TIM1_BRK_TIM15_IRQHandler
 .text.memset   0x08001bfa       0x10 /home/ferne/Embedded/arm/arm-gnu-toolchain-15.2.rel1-x86_64-arm-none-eabi/bin/../lib/gcc/arm-none-eabi/15.2.1/../../../../arm-none-eabi/lib/thumb/v7e-m+fp/hard/libc_nano.a(libc_a-memset.o)
                0x08001bfa                memset
 *fill*         0x08001c0a        0x2 
 .text.__libc_init_array
                0x08001c0c       0x48 /home/ferne/Embedded/arm/arm-gnu-toolchain-15.2.rel1-x86_64-arm-none-eabi/bin/../lib/gcc/arm-none-eabi/15.2.1/../../../../arm-none-eabi/lib/thumb/v7e-m+fp/hard/libc_nano.a(libc_a-init.o)
                0x08001c0c                __libc_init_array
 .text.__udivmoddi4
                0x08001c54      0x320 /home/ferne/Embedded/arm/arm-gnu-toolchain-15.2.rel1-x86_64-arm-none-eabi/bin/../lib/gcc/arm-none-eabi/15.2.1/thumb/v7e-m+fp/hard/libgcc.a(_udivmoddi4.o)
                0x08001c54                __udivmoddi4
 *(.glue_7)
 .glue_7        0x08001f74        0x0 linker stubs
 *(.glue_7t)
 .glue_7t       0x08001f74        0x0 linker stubs
 *(.eh_frame)
 *(.init)
 .init          0x08001f74        0x4 /home/ferne/Embedded/arm/arm-gnu-toolchain-15.2.rel1-x86_64-arm-none-eabi/bin/../lib/gcc/arm-none-eabi/15.2.1/thumb/v7e-m+fp/hard/crti.o
                0x08001f74                _init
 .init          0x08001f78        0x8 /home/ferne/Embedded/arm/arm-gnu-toolchain-15.2.rel1-x86_64-arm-none-eabi/bin/../lib/gcc/arm-none-eabi/15.2.1/thumb/v7e-m+fp/hard/crtn.o
 *(.fini)
 .fini          0x08001f80        0x4 /home/ferne/Embedded/arm/arm-gnu-toolchain-15.2.rel1-x86_64-arm-none-eabi/bin/../lib/gcc/arm-none-eabi/15.2.1/thumb/v7e-m+fp/hard/crti.o
                0x08001f80                _fini
 .fini          0x08001f84        0x8 /home/ferne/Embedded/arm/arm-gnu-toolchain-15.2.rel1-x86_64-arm-none-eabi/bin/../lib/gcc/arm-none-eabi/15.2.1/thumb/v7e-m+fp/hard/crtn.o
                0x08001f8c                        . = ALIGN (0x4)
                0x08001f8c                        _etext = .

.vfp11_veneer   0x08001f8c        0x0
 .vfp11_veneer  0x08001f8c        0x0 linker stubs

.v4_bx          0x08001f8c        0x0
 .v4_bx         0x08001f8c        0x0 linker stubs

.iplt           0x08001f8c        0x0
 .iplt          0x08001f8c        0x0 build-make/main.o

.rodata         0x08001f8c       0x40
                0x08001f8c                        . = ALIGN (0x4)
 *(.rodata)
 *(.rodata*)
 .rodata.UARTPrescTable
                0x08001f8c       0x18 build-make/stm32g4xx_hal_uart.o
                0x08001f8c                UARTPrescTable
 .rodata.denominator.0
                0x08001fa4        0x8 build-make/stm32g4xx_hal_uart_ex.o
 .rodata.numerator.1
                0x08001fac        0x8 build-make/stm32g4xx_hal_uart_ex.o
 .rodata.APBPrescTable
                0x08001fb4        0x8 build-make/system_stm32g4xx.o
                0x08001fb4                APBPrescTable
 .rodata.AHBPrescTable
                0x08001fbc       0x10 build-make/system_stm32g4xx.o
                0x08001fbc                AHBPrescTable
                0x08001fcc                        . = ALIGN (0x4)
                0x08001fd4                        _sidata = LOADADDR (.data)

.ARM.exidx.text.__udivmoddi4
                0x08001fcc        0x8
 .ARM.exidx.text.__udivmoddi4
                0x08001fcc        0x8 /home/ferne/Embedded/arm/arm-gnu-toolchain-15.2.rel1-x86_64-arm-none-eabi/bin/../lib/gcc/arm-none-eabi/15.2.1/thumb/v7e-m+fp/hard/libgcc.a(_udivmoddi4.o)

.rel.dyn        0x08001fd4        0x0
 .rel.iplt      0x08001fd4        0x0 build-make/main.o

.data           0x20000000        0xc load address 0x08001fd4
                0x20000000                        . = ALIGN (0x4)
                0x20000000                        _sdata = .
 *(.data)
 *(.data*)
 .data.uwTickFreq
                0x20000000        0x4 build-make/stm32g4xx_hal.o
                0x20000000                uwTickFreq
 .data.uwTickPrio
                0x20000004        0x4 build-make/stm32g4xx_hal.o
                0x20000004                uwTickPrio
 .data.SystemCoreClock
                0x20000008        0x4 build-make/system_stm32g4xx.o
                0x20000008                SystemCoreClock
 *(.RamFunc)
 *(.RamFunc*)
                0x2000000c                        . = ALIGN (0x4)
                0x2000000c                        _edata = .

.igot.plt       0x2000000c        0x0 load address 0x08001fe0
 .igot.plt      0x2000000c        0x0 build-make/main.o
                0x2000000c                        . = ALIGN (0x4)

.bss            0x2000000c       0x98 load address 0x08001fe0
                0x2000000c                        _sbss = .
                0x2000000c                        __bss_start__ = _sbss
 *(.bss)
 *(.bss*)
 .bss.huart1    0x2000000c       0x94 build-make/usart.o
                0x2000000c                huart1
 .bss.uwTick    0x200000a0        0x4 build-make/stm32g4xx_hal.o
                0x200000a0                uwTick
 *(COMMON)
                0x200000a4                        . = ALIGN (0x4)
                0x200000a4                        _ebss = .
                0x200000a4                        __bss_end__ = _ebss

._user_heap_stack
                0x200000a4      0x604 load address 0x08001fe0
                0x200000a8                        . = ALIGN (0x8)
 *fill*         0x200000a4        0x4 
                [!provide]                        PROVIDE (end = .)
                0x200000a8                        PROVIDE (_end = .)
                0x200002a8                        . = (. + _Min_Heap_Size)
 *fill*         0x200000a8      0x200 
                0x200006a8                        . = (. + _Min_Stack_Size)
 *fill*         0x200002a8      0x400 
                0x200006a8                        . = ALIGN (0x8)

/DISCARD/
 libc.a(*)
 libm.a(*)
 libgcc.a(*)
OUTPUT(build-make/zig-test.elf elf32-littlearm)
LOAD linker stubs
LOAD /home/ferne/Embedded/arm/arm-gnu-toolchain-15.2.rel1-x86_64-arm-none-eabi/bin/../lib/gcc/arm-none-eabi/15.2.1/../../../../arm-none-eabi/lib/thumb/v7e-m+fp/hard/libc.a
LOAD /home/ferne/Embedded/arm/arm-gnu-toolchain-15.2.rel1-x86_64-arm-none-eabi/bin/../lib/gcc/arm-none-eabi/15.2.1/../../../../arm-none-eabi/lib/thumb/v7e-m+fp/hard/libm.a
LOAD /home/ferne/Embedded/arm/arm-gnu-toolchain-15.2.rel1-x86_64-arm-none-eabi/bin/../lib/gcc/arm-none-eabi/15.2.1/thumb/v7e-m+fp/hard/libgcc.a

.ARM.attributes
                0x00000000       0x30
 .ARM.attributes
                0x00000000       0x22 /home/ferne/Embedded/arm/arm-gnu-toolchain-15.2.rel1-x86_64-arm-none-eabi/bin/../lib/gcc/arm-none-eabi/15.2.1/thumb/v7e-m+fp/hard/crti.o
 .ARM.attributes
                0x00000022       0x34 build-make/main.o
 .ARM.attributes
                0x00000056       0x34 build-make/gpio.o
 .ARM.attributes
                0x0000008a       0x34 build-make/usart.o
 .ARM.attributes
                0x000000be       0x34 build-make/stm32g4xx_it.o
 .ARM.attributes
                0x000000f2       0x34 build-make/stm32g4xx_hal_msp.o
 .ARM.attributes
                0x00000126       0x34 build-make/stm32g4xx_hal_pwr_ex.o
 .ARM.attributes
                0x0000015a       0x34 build-make/stm32g4xx_hal_uart.o
 .ARM.attributes
                0x0000018e       0x34 build-make/stm32g4xx_hal_uart_ex.o
 .ARM.attributes
                0x000001c2       0x34 build-make/stm32g4xx_hal.o
 .ARM.attributes
                0x000001f6       0x34 build-make/stm32g4xx_hal_rcc.o
 .ARM.attributes
                0x0000022a       0x34 build-make/stm32g4xx_hal_rcc_ex.o
 .ARM.attributes
                0x0000025e       0x34 build-make/stm32g4xx_hal_gpio.o
 .ARM.attributes
                0x00000292       0x34 build-make/stm32g4xx_hal_cortex.o
 .ARM.attributes
                0x000002c6       0x34 build-make/system_stm32g4xx.o
 .ARM.attributes
                0x000002fa       0x21 build-make/startup_stm32g431xx.o
 .ARM.attributes
                0x0000031b       0x34 /home/ferne/Embedded/arm/arm-gnu-toolchain-15.2.rel1-x86_64-arm-none-eabi/bin/../lib/gcc/arm-none-eabi/15.2.1/../../../../arm-none-eabi/lib/thumb/v7e-m+fp/hard/libc_nano.a(libc_a-memset.o)
 .ARM.attributes
                0x0000034f       0x34 /home/ferne/Embedded/arm/arm-gnu-toolchain-15.2.rel1-x86_64-arm-none-eabi/bin/../lib/gcc/arm-none-eabi/15.2.1/../../../../arm-none-eabi/lib/thumb/v7e-m+fp/hard/libc_nano.a(libc_a-init.o)
 .ARM.attributes
                0x00000383       0x22 /home/ferne/Embedded/arm/arm-gnu-toolchain-15.2.rel1-x86_64-arm-none-eabi/bin/../lib/gcc/arm-none-eabi/15.2.1/thumb/v7e-m+fp/hard/libgcc.a(_aeabi_uldivmod.o)
 .ARM.attributes
                0x000003a5       0x34 /home/ferne/Embedded/arm/arm-gnu-toolchain-15.2.rel1-x86_64-arm-none-eabi/bin/../lib/gcc/arm-none-eabi/15.2.1/thumb/v7e-m+fp/hard/libgcc.a(_udivmoddi4.o)
 .ARM.attributes
                0x000003d9       0x22 /home/ferne/Embedded/arm/arm-gnu-toolchain-15.2.rel1-x86_64-arm-none-eabi/bin/../lib/gcc/arm-none-eabi/15.2.1/thumb/v7e-m+fp/hard/libgcc.a(_dvmd_tls.o)
 .ARM.attributes
                0x000003fb       0x22 /home/ferne/Embedded/arm/arm-gnu-toolchain-15.2.rel1-x86_64-arm-none-eabi/bin/../lib/gcc/arm-none-eabi/15.2.1/thumb/v7e-m+fp/hard/crtn.o

.comment        0x00000000       0x45
 .comment       0x00000000       0x45 build-make/main.o
                                 0x46 (size before relaxing)
 .comment       0x00000045        0x0 build-make/gpio.o
                                 0x46 (size before relaxing)
 .comment       0x00000045        0x0 build-make/usart.o
                                 0x46 (size before relaxing)
 .comment       0x00000045        0x0 build-make/stm32g4xx_it.o
                                 0x46 (size before relaxing)
 .comment       0x00000045        0x0 build-make/stm32g4xx_hal_msp.o
                                 0x46 (size before relaxing)
 .comment       0x00000045        0x0 build-make/stm32g4xx_hal_pwr_ex.o
                                 0x46 (size before relaxing)
 .comment       0x00000045        0x0 build-make/stm32g4xx_hal_uart.o
                                 0x46 (size before relaxing)
 .comment       0x00000045        0x0 build-make/stm32g4xx_hal_uart_ex.o
                                 0x46 (size before relaxing)
 .comment       0x00000045        0x0 build-make/stm32g4xx_hal.o
                                 0x46 (size before relaxing)
 .comment       0x00000045        0x0 build-make/stm32g4xx_hal_rcc.o
                                 0x46 (size before relaxing)
 .comment       0x00000045        0x0 build-make/stm32g4xx_hal_rcc_ex.o
                                 0x46 (size before relaxing)
 .comment       0x00000045        0x0 build-make/stm32g4xx_hal_gpio.o
                                 0x46 (size before relaxing)
 .comment       0x00000045        0x0 build-make/stm32g4xx_hal_cortex.o
                                 0x46 (size before relaxing)
 .comment       0x00000045        0x0 build-make/system_stm32g4xx.o
                                 0x46 (size before relaxing)

.debug_info     0x00000000     0xeee3
 .debug_info    0x00000000      0x5a2 build-make/main.o
 .debug_info    0x000005a2      0x5d5 build-make/gpio.o
 .debug_info    0x00000b77     0x1066 build-make/usart.o
 .debug_info    0x00001bdd      0x158 build-make/stm32g4xx_it.o
 .debug_info    0x00001d35      0x39a build-make/stm32g4xx_hal_msp.o
 .debug_info    0x000020cf      0xb1d build-make/stm32g4xx_hal_pwr_ex.o
 .debug_info    0x00002bec     0x6089 build-make/stm32g4xx_hal_uart.o
 .debug_info    0x00008c75     0x13e9 build-make/stm32g4xx_hal_uart_ex.o
 .debug_info    0x0000a05e      0xd0a build-make/stm32g4xx_hal.o
 .debug_info    0x0000ad68      0xffb build-make/stm32g4xx_hal_rcc.o
 .debug_info    0x0000bd63     0x1047 build-make/stm32g4xx_hal_rcc_ex.o
 .debug_info    0x0000cdaa      0x933 build-make/stm32g4xx_hal_gpio.o
 .debug_info    0x0000d6dd     0x118d build-make/stm32g4xx_hal_cortex.o
 .debug_info    0x0000e86a      0x649 build-make/system_stm32g4xx.o
 .debug_info    0x0000eeb3       0x30 build-make/startup_stm32g431xx.o

.debug_abbrev   0x00000000     0x1f35
 .debug_abbrev  0x00000000      0x214 build-make/main.o
 .debug_abbrev  0x00000214      0x160 build-make/gpio.o
 .debug_abbrev  0x00000374      0x21e build-make/usart.o
 .debug_abbrev  0x00000592       0x80 build-make/stm32g4xx_it.o
 .debug_abbrev  0x00000612       0xd6 build-make/stm32g4xx_hal_msp.o
 .debug_abbrev  0x000006e8      0x263 build-make/stm32g4xx_hal_pwr_ex.o
 .debug_abbrev  0x0000094b      0x360 build-make/stm32g4xx_hal_uart.o
 .debug_abbrev  0x00000cab      0x34c build-make/stm32g4xx_hal_uart_ex.o
 .debug_abbrev  0x00000ff7      0x298 build-make/stm32g4xx_hal.o
 .debug_abbrev  0x0000128f      0x2de build-make/stm32g4xx_hal_rcc.o
 .debug_abbrev  0x0000156d      0x290 build-make/stm32g4xx_hal_rcc_ex.o
 .debug_abbrev  0x000017fd      0x236 build-make/stm32g4xx_hal_gpio.o
 .debug_abbrev  0x00001a33      0x3ca build-make/stm32g4xx_hal_cortex.o
 .debug_abbrev  0x00001dfd      0x11b build-make/system_stm32g4xx.o
 .debug_abbrev  0x00001f18       0x1d build-make/startup_stm32g431xx.o

.debug_loc      0x00000000     0x9e86
 .debug_loc     0x00000000       0x66 build-make/main.o
 .debug_loc     0x00000066       0x38 build-make/gpio.o
 .debug_loc     0x0000009e       0xf6 build-make/usart.o
 .debug_loc     0x00000194       0x20 build-make/stm32g4xx_it.o
 .debug_loc     0x000001b4       0x38 build-make/stm32g4xx_hal_msp.o
 .debug_loc     0x000001ec      0xa23 build-make/stm32g4xx_hal_pwr_ex.o
 .debug_loc     0x00000c0f     0x52d1 build-make/stm32g4xx_hal_uart.o
 .debug_loc     0x00005ee0      0xe6d build-make/stm32g4xx_hal_uart_ex.o
 .debug_loc     0x00006d4d      0x2cd build-make/stm32g4xx_hal.o
 .debug_loc     0x0000701a      0x9ce build-make/stm32g4xx_hal_rcc.o
 .debug_loc     0x000079e8     0x16cb build-make/stm32g4xx_hal_rcc_ex.o
 .debug_loc     0x000090b3      0x4ae build-make/stm32g4xx_hal_gpio.o
 .debug_loc     0x00009561      0x888 build-make/stm32g4xx_hal_cortex.o
 .debug_loc     0x00009de9       0x9d build-make/system_stm32g4xx.o

.debug_aranges  0x00000000      0x958
 .debug_aranges
                0x00000000       0x30 build-make/main.o
 .debug_aranges
                0x00000030       0x20 build-make/gpio.o
 .debug_aranges
                0x00000050       0x30 build-make/usart.o
 .debug_aranges
                0x00000080       0x60 build-make/stm32g4xx_it.o
 .debug_aranges
                0x000000e0       0x20 build-make/stm32g4xx_hal_msp.o
 .debug_aranges
                0x00000100      0x140 build-make/stm32g4xx_hal_pwr_ex.o
 .debug_aranges
                0x00000240      0x248 build-make/stm32g4xx_hal_uart.o
 .debug_aranges
                0x00000488       0xa8 build-make/stm32g4xx_hal_uart_ex.o
 .debug_aranges
                0x00000530      0x148 build-make/stm32g4xx_hal.o
 .debug_aranges
                0x00000678       0x98 build-make/stm32g4xx_hal_rcc.o
 .debug_aranges
                0x00000710       0xb0 build-make/stm32g4xx_hal_rcc_ex.o
 .debug_aranges
                0x000007c0       0x58 build-make/stm32g4xx_hal_gpio.o
 .debug_aranges
                0x00000818       0xf0 build-make/stm32g4xx_hal_cortex.o
 .debug_aranges
                0x00000908       0x28 build-make/system_stm32g4xx.o
 .debug_aranges
                0x00000930       0x28 build-make/startup_stm32g431xx.o

.debug_ranges   0x00000000      0x8b8
 .debug_ranges  0x00000000       0x20 build-make/main.o
 .debug_ranges  0x00000020       0x10 build-make/gpio.o
 .debug_ranges  0x00000030       0x20 build-make/usart.o
 .debug_ranges  0x00000050       0x50 build-make/stm32g4xx_it.o
 .debug_ranges  0x000000a0       0x10 build-make/stm32g4xx_hal_msp.o
 .debug_ranges  0x000000b0      0x130 build-make/stm32g4xx_hal_pwr_ex.o
 .debug_ranges  0x000001e0      0x238 build-make/stm32g4xx_hal_uart.o
 .debug_ranges  0x00000418       0xb0 build-make/stm32g4xx_hal_uart_ex.o
 .debug_ranges  0x000004c8      0x138 build-make/stm32g4xx_hal.o
 .debug_ranges  0x00000600       0xa0 build-make/stm32g4xx_hal_rcc.o
 .debug_ranges  0x000006a0       0xb8 build-make/stm32g4xx_hal_rcc_ex.o
 .debug_ranges  0x00000758       0x48 build-make/stm32g4xx_hal_gpio.o
 .debug_ranges  0x000007a0       0xe0 build-make/stm32g4xx_hal_cortex.o
 .debug_ranges  0x00000880       0x18 build-make/system_stm32g4xx.o
 .debug_ranges  0x00000898       0x20 build-make/startup_stm32g431xx.o

.debug_line     0x00000000     0xa624
 .debug_line    0x00000000      0x357 build-make/main.o
 .debug_line    0x00000357      0x203 build-make/gpio.o
 .debug_line    0x0000055a      0x3b0 build-make/usart.o
 .debug_line    0x0000090a      0x13d build-make/stm32g4xx_it.o
 .debug_line    0x00000a47      0x1c4 build-make/stm32g4xx_hal_msp.o
 .debug_line    0x00000c0b      0xa76 build-make/stm32g4xx_hal_pwr_ex.o
 .debug_line    0x00001681     0x4cf6 build-make/stm32g4xx_hal_uart.o
 .debug_line    0x00006377      0xaaa build-make/stm32g4xx_hal_uart_ex.o
 .debug_line    0x00006e21      0x705 build-make/stm32g4xx_hal.o
 .debug_line    0x00007526      0xec6 build-make/stm32g4xx_hal_rcc.o
 .debug_line    0x000083ec     0x1034 build-make/stm32g4xx_hal_rcc_ex.o
 .debug_line    0x00009420      0x6de build-make/stm32g4xx_hal_gpio.o
 .debug_line    0x00009afe      0x840 build-make/stm32g4xx_hal_cortex.o
 .debug_line    0x0000a33e      0x272 build-make/system_stm32g4xx.o
 .debug_line    0x0000a5b0       0x74 build-make/startup_stm32g431xx.o

.debug_str      0x00000000     0x330f
 .debug_str     0x00000000     0x330f build-make/main.o
                                0x41a (size before relaxing)
 .debug_str     0x0000330f        0x0 build-make/gpio.o
                                0x3ad (size before relaxing)
 .debug_str     0x0000330f        0x0 build-make/usart.o
                                0xb64 (size before relaxing)
 .debug_str     0x0000330f        0x0 build-make/stm32g4xx_it.o
                                0x20c (size before relaxing)
 .debug_str     0x0000330f        0x0 build-make/stm32g4xx_hal_msp.o
                                0x30f (size before relaxing)
 .debug_str     0x0000330f        0x0 build-make/stm32g4xx_hal_pwr_ex.o
                                0x7c3 (size before relaxing)
 .debug_str     0x0000330f        0x0 build-make/stm32g4xx_hal_uart.o
                               0x120b (size before relaxing)
 .debug_str     0x0000330f        0x0 build-make/stm32g4xx_hal_uart_ex.o
                                0xb3f (size before relaxing)
 .debug_str     0x0000330f        0x0 build-make/stm32g4xx_hal.o
                                0xc4d (size before relaxing)
 .debug_str     0x0000330f        0x0 build-make/stm32g4xx_hal_rcc.o
                                0x810 (size before relaxing)
 .debug_str     0x0000330f        0x0 build-make/stm32g4xx_hal_rcc_ex.o
                                0x9f7 (size before relaxing)
 .debug_str     0x0000330f        0x0 build-make/stm32g4xx_hal_gpio.o
                                0x521 (size before relaxing)
 .debug_str     0x0000330f        0x0 build-make/stm32g4xx_hal_cortex.o
                                0xba3 (size before relaxing)
 .debug_str     0x0000330f        0x0 build-make/system_stm32g4xx.o
                                0x3a8 (size before relaxing)
 .debug_str     0x0000330f        0x0 build-make/startup_stm32g431xx.o
                                 0x5f (size before relaxing)

.debug_frame    0x00000000     0x15f8
 .debug_frame   0x00000000       0x58 build-make/main.o
 .debug_frame   0x00000058       0x34 build-make/gpio.o
 .debug_frame   0x0000008c       0x60 build-make/usart.o
 .debug_frame   0x000000ec       0xa8 build-make/stm32g4xx_it.o
 .debug_frame   0x00000194       0x2c build-make/stm32g4xx_hal_msp.o
 .debug_frame   0x000001c0      0x268 build-make/stm32g4xx_hal_pwr_ex.o
 .debug_frame   0x00000428      0x654 build-make/stm32g4xx_hal_uart.o
 .debug_frame   0x00000a7c      0x1e0 build-make/stm32g4xx_hal_uart_ex.o
 .debug_frame   0x00000c5c      0x2a4 build-make/stm32g4xx_hal.o
 .debug_frame   0x00000f00      0x198 build-make/stm32g4xx_hal_rcc.o
 .debug_frame   0x00001098      0x1a0 build-make/stm32g4xx_hal_rcc_ex.o
 .debug_frame   0x00001238       0xd0 build-make/stm32g4xx_hal_gpio.o
 .debug_frame   0x00001308      0x204 build-make/stm32g4xx_hal_cortex.o
 .debug_frame   0x0000150c       0x30 build-make/system_stm32g4xx.o
 .debug_frame   0x0000153c       0x20 /home/ferne/Embedded/arm/arm-gnu-toolchain-15.2.rel1-x86_64-arm-none-eabi/bin/../lib/gcc/arm-none-eabi/15.2.1/../../../../arm-none-eabi/lib/thumb/v7e-m+fp/hard/libc_nano.a(libc_a-memset.o)
 .debug_frame   0x0000155c       0x2c /home/ferne/Embedded/arm/arm-gnu-toolchain-15.2.rel1-x86_64-arm-none-eabi/bin/../lib/gcc/arm-none-eabi/15.2.1/../../../../arm-none-eabi/lib/thumb/v7e-m+fp/hard/libc_nano.a(libc_a-init.o)
 .debug_frame   0x00001588       0x2c /home/ferne/Embedded/arm/arm-gnu-toolchain-15.2.rel1-x86_64-arm-none-eabi/bin/../lib/gcc/arm-none-eabi/15.2.1/thumb/v7e-m+fp/hard/libgcc.a(_aeabi_uldivmod.o)
 .debug_frame   0x000015b4       0x44 /home/ferne/Embedded/arm/arm-gnu-toolchain-15.2.rel1-x86_64-arm-none-eabi/bin/../lib/gcc/arm-none-eabi/15.2.1/thumb/v7e-m+fp/hard/libgcc.a(_udivmoddi4.o)

.debug_line_str
                0x00000000       0xce
 .debug_line_str
                0x00000000       0xce /home/ferne/Embedded/arm/arm-gnu-toolchain-15.2.rel1-x86_64-arm-none-eabi/bin/../lib/gcc/arm-none-eabi/15.2.1/thumb/v7e-m+fp/hard/libgcc.a(_aeabi_uldivmod.o)
                                 0xc2 (size before relaxing)
 .debug_line_str
                0x000000ce        0x0 /home/ferne/Embedded/arm/arm-gnu-toolchain-15.2.rel1-x86_64-arm-none-eabi/bin/../lib/gcc/arm-none-eabi/15.2.1/thumb/v7e-m+fp/hard/libgcc.a(_dvmd_tls.o)
                                 0xc6 (size before relaxing)

Cross Reference Table

Symbol                                            File
ADC1_2_IRQHandler                                 build-make/startup_stm32g431xx.o
AHBPrescTable                                     build-make/system_stm32g4xx.o
                                                  build-make/stm32g4xx_hal_rcc.o
APBPrescTable                                     build-make/system_stm32g4xx.o
                                                  build-make/stm32g4xx_hal_rcc.o
BusFault_Handler                                  build-make/stm32g4xx_it.o
COMP1_2_3_IRQHandler                              build-make/startup_stm32g431xx.o
COMP4_IRQHandler                                  build-make/startup_stm32g431xx.o
CORDIC_IRQHandler                                 build-make/startup_stm32g431xx.o
CRS_IRQHandler                                    build-make/startup_stm32g431xx.o
DMA1_Channel1_IRQHandler                          build-make/startup_stm32g431xx.o
DMA1_Channel2_IRQHandler                          build-make/startup_stm32g431xx.o
DMA1_Channel3_IRQHandler                          build-make/startup_stm32g431xx.o
DMA1_Channel4_IRQHandler                          build-make/startup_stm32g431xx.o
DMA1_Channel5_IRQHandler                          build-make/startup_stm32g431xx.o
DMA1_Channel6_IRQHandler                          build-make/startup_stm32g431xx.o
DMA2_Channel1_IRQHandler                          build-make/startup_stm32g431xx.o
DMA2_Channel2_IRQHandler                          build-make/startup_stm32g431xx.o
DMA2_Channel3_IRQHandler                          build-make/startup_stm32g431xx.o
DMA2_Channel4_IRQHandler                          build-make/startup_stm32g431xx.o
DMA2_Channel5_IRQHandler                          build-make/startup_stm32g431xx.o
DMA2_Channel6_IRQHandler                          build-make/startup_stm32g431xx.o
DMAMUX_OVR_IRQHandler                             build-make/startup_stm32g431xx.o
DebugMon_Handler                                  build-make/stm32g4xx_it.o
Default_Handler                                   build-make/startup_stm32g431xx.o
EXTI0_IRQHandler                                  build-make/startup_stm32g431xx.o
EXTI15_10_IRQHandler                              build-make/startup_stm32g431xx.o
EXTI1_IRQHandler                                  build-make/startup_stm32g431xx.o
EXTI2_IRQHandler                                  build-make/startup_stm32g431xx.o
EXTI3_IRQHandler                                  build-make/startup_stm32g431xx.o
EXTI4_IRQHandler                                  build-make/startup_stm32g431xx.o
EXTI9_5_IRQHandler                                build-make/startup_stm32g431xx.o
Error_Handler                                     build-make/main.o
                                                  build-make/usart.o
FDCAN1_IT0_IRQHandler                             build-make/startup_stm32g431xx.o
FDCAN1_IT1_IRQHandler                             build-make/startup_stm32g431xx.o
FLASH_FlushCaches                                 build-make/stm32g4xx_hal_flash_ex.o
                                                  build-make/stm32g4xx_hal_flash.o
FLASH_IRQHandler                                  build-make/startup_stm32g431xx.o
FLASH_PageErase                                   build-make/stm32g4xx_hal_flash_ex.o
                                                  build-make/stm32g4xx_hal_flash.o
FLASH_WaitForLastOperation                        build-make/stm32g4xx_hal_flash.o
                                                  build-make/stm32g4xx_hal_flash_ex.o
FMAC_IRQHandler                                   build-make/startup_stm32g431xx.o
FPU_IRQHandler                                    build-make/startup_stm32g431xx.o
HAL_DBGMCU_DisableDBGSleepMode                    build-make/stm32g4xx_hal.o
HAL_DBGMCU_DisableDBGStandbyMode                  build-make/stm32g4xx_hal.o
HAL_DBGMCU_DisableDBGStopMode                     build-make/stm32g4xx_hal.o
HAL_DBGMCU_EnableDBGSleepMode                     build-make/stm32g4xx_hal.o
HAL_DBGMCU_EnableDBGStandbyMode                   build-make/stm32g4xx_hal.o
HAL_DBGMCU_EnableDBGStopMode                      build-make/stm32g4xx_hal.o
HAL_DMAEx_ConfigMuxRequestGenerator               build-make/stm32g4xx_hal_dma_ex.o
HAL_DMAEx_ConfigMuxSync                           build-make/stm32g4xx_hal_dma_ex.o
HAL_DMAEx_DisableMuxRequestGenerator              build-make/stm32g4xx_hal_dma_ex.o
HAL_DMAEx_EnableMuxRequestGenerator               build-make/stm32g4xx_hal_dma_ex.o
HAL_DMAEx_MUX_IRQHandler                          build-make/stm32g4xx_hal_dma_ex.o
HAL_DMA_Abort                                     build-make/stm32g4xx_hal_dma.o
                                                  build-make/stm32g4xx_hal_uart.o
HAL_DMA_Abort_IT                                  build-make/stm32g4xx_hal_dma.o
                                                  build-make/stm32g4xx_hal_uart.o
HAL_DMA_DeInit                                    build-make/stm32g4xx_hal_dma.o
HAL_DMA_GetError                                  build-make/stm32g4xx_hal_dma.o
                                                  build-make/stm32g4xx_hal_uart.o
HAL_DMA_GetState                                  build-make/stm32g4xx_hal_dma.o
HAL_DMA_IRQHandler                                build-make/stm32g4xx_hal_dma.o
HAL_DMA_Init                                      build-make/stm32g4xx_hal_dma.o
HAL_DMA_PollForTransfer                           build-make/stm32g4xx_hal_dma.o
HAL_DMA_RegisterCallback                          build-make/stm32g4xx_hal_dma.o
HAL_DMA_Start                                     build-make/stm32g4xx_hal_dma.o
HAL_DMA_Start_IT                                  build-make/stm32g4xx_hal_dma.o
                                                  build-make/stm32g4xx_hal_uart.o
HAL_DMA_UnRegisterCallback                        build-make/stm32g4xx_hal_dma.o
HAL_DeInit                                        build-make/stm32g4xx_hal.o
HAL_Delay                                         build-make/stm32g4xx_hal.o
                                                  build-make/main.o
HAL_EXTI_ClearConfigLine                          build-make/stm32g4xx_hal_exti.o
HAL_EXTI_ClearPending                             build-make/stm32g4xx_hal_exti.o
HAL_EXTI_GenerateSWI                              build-make/stm32g4xx_hal_exti.o
HAL_EXTI_GetConfigLine                            build-make/stm32g4xx_hal_exti.o
HAL_EXTI_GetHandle                                build-make/stm32g4xx_hal_exti.o
HAL_EXTI_GetPending                               build-make/stm32g4xx_hal_exti.o
HAL_EXTI_IRQHandler                               build-make/stm32g4xx_hal_exti.o
HAL_EXTI_RegisterCallback                         build-make/stm32g4xx_hal_exti.o
HAL_EXTI_SetConfigLine                            build-make/stm32g4xx_hal_exti.o
HAL_FLASHEx_DisableDebugger                       build-make/stm32g4xx_hal_flash_ex.o
HAL_FLASHEx_DisableRunPowerDown                   build-make/stm32g4xx_hal_flash_ramfunc.o
HAL_FLASHEx_EnableDebugger                        build-make/stm32g4xx_hal_flash_ex.o
HAL_FLASHEx_EnableRunPowerDown                    build-make/stm32g4xx_hal_flash_ramfunc.o
HAL_FLASHEx_EnableSecMemProtection                build-make/stm32g4xx_hal_flash_ex.o
HAL_FLASHEx_Erase                                 build-make/stm32g4xx_hal_flash_ex.o
HAL_FLASHEx_Erase_IT                              build-make/stm32g4xx_hal_flash_ex.o
HAL_FLASHEx_OBGetConfig                           build-make/stm32g4xx_hal_flash_ex.o
HAL_FLASHEx_OBProgram                             build-make/stm32g4xx_hal_flash_ex.o
HAL_FLASH_EndOfOperationCallback                  build-make/stm32g4xx_hal_flash.o
HAL_FLASH_GetError                                build-make/stm32g4xx_hal_flash.o
HAL_FLASH_IRQHandler                              build-make/stm32g4xx_hal_flash.o
HAL_FLASH_Lock                                    build-make/stm32g4xx_hal_flash.o
HAL_FLASH_OB_Launch                               build-make/stm32g4xx_hal_flash.o
HAL_FLASH_OB_Lock                                 build-make/stm32g4xx_hal_flash.o
HAL_FLASH_OB_Unlock                               build-make/stm32g4xx_hal_flash.o
HAL_FLASH_OperationErrorCallback                  build-make/stm32g4xx_hal_flash.o
HAL_FLASH_Program                                 build-make/stm32g4xx_hal_flash.o
HAL_FLASH_Program_IT                              build-make/stm32g4xx_hal_flash.o
HAL_FLASH_Unlock                                  build-make/stm32g4xx_hal_flash.o
HAL_GPIO_DeInit                                   build-make/stm32g4xx_hal_gpio.o
                                                  build-make/usart.o
HAL_GPIO_EXTI_Callback                            build-make/stm32g4xx_hal_gpio.o
HAL_GPIO_EXTI_IRQHandler                          build-make/stm32g4xx_hal_gpio.o
HAL_GPIO_Init                                     build-make/stm32g4xx_hal_gpio.o
                                                  build-make/stm32g4xx_hal_rcc_ex.o
                                                  build-make/stm32g4xx_hal_rcc.o
                                                  build-make/usart.o
                                                  build-make/gpio.o
HAL_GPIO_LockPin                                  build-make/stm32g4xx_hal_gpio.o
HAL_GPIO_ReadPin                                  build-make/stm32g4xx_hal_gpio.o
HAL_GPIO_TogglePin                                build-make/stm32g4xx_hal_gpio.o
HAL_GPIO_WritePin                                 build-make/stm32g4xx_hal_gpio.o
                                                  build-make/gpio.o
                                                  build-make/main.o
HAL_GetDEVID                                      build-make/stm32g4xx_hal.o
HAL_GetHalVersion                                 build-make/stm32g4xx_hal.o
HAL_GetREVID                                      build-make/stm32g4xx_hal.o
HAL_GetTick                                       build-make/stm32g4xx_hal.o
                                                  build-make/stm32g4xx_hal_dma.o
                                                  build-make/stm32g4xx_hal_flash.o
                                                  build-make/stm32g4xx_hal_rcc_ex.o
                                                  build-make/stm32g4xx_hal_rcc.o
                                                  build-make/stm32g4xx_hal_uart_ex.o
                                                  build-make/stm32g4xx_hal_uart.o
HAL_GetTickFreq                                   build-make/stm32g4xx_hal.o
HAL_GetTickPrio                                   build-make/stm32g4xx_hal.o
HAL_GetUIDw0                                      build-make/stm32g4xx_hal.o
HAL_GetUIDw1                                      build-make/stm32g4xx_hal.o
HAL_GetUIDw2                                      build-make/stm32g4xx_hal.o
HAL_HalfDuplex_EnableReceiver                     build-make/stm32g4xx_hal_uart.o
HAL_HalfDuplex_EnableTransmitter                  build-make/stm32g4xx_hal_uart.o
HAL_HalfDuplex_Init                               build-make/stm32g4xx_hal_uart.o
HAL_IncTick                                       build-make/stm32g4xx_hal.o
                                                  build-make/stm32g4xx_it.o
HAL_Init                                          build-make/stm32g4xx_hal.o
                                                  build-make/main.o
HAL_InitTick                                      build-make/stm32g4xx_hal.o
                                                  build-make/stm32g4xx_hal_rcc.o
HAL_LIN_Init                                      build-make/stm32g4xx_hal_uart.o
HAL_LIN_SendBreak                                 build-make/stm32g4xx_hal_uart.o
HAL_MPU_ConfigRegion                              build-make/stm32g4xx_hal_cortex.o
HAL_MPU_Disable                                   build-make/stm32g4xx_hal_cortex.o
HAL_MPU_DisableRegion                             build-make/stm32g4xx_hal_cortex.o
HAL_MPU_Enable                                    build-make/stm32g4xx_hal_cortex.o
HAL_MPU_EnableRegion                              build-make/stm32g4xx_hal_cortex.o
HAL_MspDeInit                                     build-make/stm32g4xx_hal.o
HAL_MspInit                                       build-make/stm32g4xx_hal_msp.o
HAL_MultiProcessorEx_AddressLength_Set            build-make/stm32g4xx_hal_uart_ex.o
HAL_MultiProcessor_DisableMuteMode                build-make/stm32g4xx_hal_uart.o
HAL_MultiProcessor_EnableMuteMode                 build-make/stm32g4xx_hal_uart.o
HAL_MultiProcessor_EnterMuteMode                  build-make/stm32g4xx_hal_uart.o
HAL_MultiProcessor_Init                           build-make/stm32g4xx_hal_uart.o
HAL_NVIC_ClearPendingIRQ                          build-make/stm32g4xx_hal_cortex.o
HAL_NVIC_DisableIRQ                               build-make/stm32g4xx_hal_cortex.o
HAL_NVIC_EnableIRQ                                build-make/stm32g4xx_hal_cortex.o
HAL_NVIC_GetActive                                build-make/stm32g4xx_hal_cortex.o
HAL_NVIC_GetPendingIRQ                            build-make/stm32g4xx_hal_cortex.o
HAL_NVIC_GetPriority                              build-make/stm32g4xx_hal_cortex.o
HAL_NVIC_GetPriorityGrouping                      build-make/stm32g4xx_hal_cortex.o
HAL_NVIC_SetPendingIRQ                            build-make/stm32g4xx_hal_cortex.o
HAL_NVIC_SetPriority                              build-make/stm32g4xx_hal_cortex.o
                                                  build-make/stm32g4xx_hal.o
HAL_NVIC_SetPriorityGrouping                      build-make/stm32g4xx_hal_cortex.o
                                                  build-make/stm32g4xx_hal.o
HAL_NVIC_SystemReset                              build-make/stm32g4xx_hal_cortex.o
HAL_PWREx_ConfigPVM                               build-make/stm32g4xx_hal_pwr_ex.o
HAL_PWREx_ControlVoltageScaling                   build-make/stm32g4xx_hal_pwr_ex.o
                                                  build-make/main.o
HAL_PWREx_DisableBatteryCharging                  build-make/stm32g4xx_hal_pwr_ex.o
HAL_PWREx_DisableGPIOPullDown                     build-make/stm32g4xx_hal_pwr_ex.o
HAL_PWREx_DisableGPIOPullUp                       build-make/stm32g4xx_hal_pwr_ex.o
HAL_PWREx_DisableInternalWakeUpLine               build-make/stm32g4xx_hal_pwr_ex.o
HAL_PWREx_DisableLowPowerRunMode                  build-make/stm32g4xx_hal_pwr_ex.o
                                                  build-make/stm32g4xx_hal_pwr.o
HAL_PWREx_DisablePVM1                             build-make/stm32g4xx_hal_pwr_ex.o
HAL_PWREx_DisablePVM2                             build-make/stm32g4xx_hal_pwr_ex.o
HAL_PWREx_DisablePVM3                             build-make/stm32g4xx_hal_pwr_ex.o
HAL_PWREx_DisablePVM4                             build-make/stm32g4xx_hal_pwr_ex.o
HAL_PWREx_DisablePullUpPullDownConfig             build-make/stm32g4xx_hal_pwr_ex.o
HAL_PWREx_DisableSRAM2ContentRetention            build-make/stm32g4xx_hal_pwr_ex.o
HAL_PWREx_DisableUCPDDeadBattery                  build-make/stm32g4xx_hal_pwr_ex.o
                                                  build-make/stm32g4xx_hal_msp.o
HAL_PWREx_DisableUCPDStandbyMode                  build-make/stm32g4xx_hal_pwr_ex.o
HAL_PWREx_EnableBatteryCharging                   build-make/stm32g4xx_hal_pwr_ex.o
HAL_PWREx_EnableGPIOPullDown                      build-make/stm32g4xx_hal_pwr_ex.o
HAL_PWREx_EnableGPIOPullUp                        build-make/stm32g4xx_hal_pwr_ex.o
HAL_PWREx_EnableInternalWakeUpLine                build-make/stm32g4xx_hal_pwr_ex.o
HAL_PWREx_EnableLowPowerRunMode                   build-make/stm32g4xx_hal_pwr_ex.o
                                                  build-make/stm32g4xx_hal_pwr.o
HAL_PWREx_EnablePVM1                              build-make/stm32g4xx_hal_pwr_ex.o
HAL_PWREx_EnablePVM2                              build-make/stm32g4xx_hal_pwr_ex.o
HAL_PWREx_EnablePVM3                              build-make/stm32g4xx_hal_pwr_ex.o
HAL_PWREx_EnablePVM4                              build-make/stm32g4xx_hal_pwr_ex.o
HAL_PWREx_EnablePullUpPullDownConfig              build-make/stm32g4xx_hal_pwr_ex.o
HAL_PWREx_EnableSRAM2ContentRetention             build-make/stm32g4xx_hal_pwr_ex.o
HAL_PWREx_EnableUCPDDeadBattery                   build-make/stm32g4xx_hal_pwr_ex.o
HAL_PWREx_EnableUCPDStandbyMode                   build-make/stm32g4xx_hal_pwr_ex.o
HAL_PWREx_EnterSHUTDOWNMode                       build-make/stm32g4xx_hal_pwr_ex.o
HAL_PWREx_EnterSTOP0Mode                          build-make/stm32g4xx_hal_pwr_ex.o
                                                  build-make/stm32g4xx_hal_pwr.o
HAL_PWREx_EnterSTOP1Mode                          build-make/stm32g4xx_hal_pwr_ex.o
                                                  build-make/stm32g4xx_hal_pwr.o
HAL_PWREx_GetVoltageRange                         build-make/stm32g4xx_hal_pwr_ex.o
HAL_PWREx_PVD_PVM_IRQHandler                      build-make/stm32g4xx_hal_pwr_ex.o
HAL_PWREx_PVM1Callback                            build-make/stm32g4xx_hal_pwr_ex.o
HAL_PWREx_PVM2Callback                            build-make/stm32g4xx_hal_pwr_ex.o
HAL_PWREx_PVM3Callback                            build-make/stm32g4xx_hal_pwr_ex.o
HAL_PWREx_PVM4Callback                            build-make/stm32g4xx_hal_pwr_ex.o
HAL_PWR_ConfigPVD                                 build-make/stm32g4xx_hal_pwr.o
HAL_PWR_DeInit                                    build-make/stm32g4xx_hal_pwr.o
HAL_PWR_DisableBkUpAccess                         build-make/stm32g4xx_hal_pwr.o
                                                  build-make/stm32g4xx_hal_rcc_ex.o
HAL_PWR_DisablePVD                                build-make/stm32g4xx_hal_pwr.o
HAL_PWR_DisableSEVOnPend                          build-make/stm32g4xx_hal_pwr.o
HAL_PWR_DisableSleepOnExit                        build-make/stm32g4xx_hal_pwr.o
HAL_PWR_DisableWakeUpPin                          build-make/stm32g4xx_hal_pwr.o
HAL_PWR_EnableBkUpAccess                          build-make/stm32g4xx_hal_pwr.o
                                                  build-make/stm32g4xx_hal_rcc_ex.o
HAL_PWR_EnablePVD                                 build-make/stm32g4xx_hal_pwr.o
HAL_PWR_EnableSEVOnPend                           build-make/stm32g4xx_hal_pwr.o
HAL_PWR_EnableSleepOnExit                         build-make/stm32g4xx_hal_pwr.o
HAL_PWR_EnableWakeUpPin                           build-make/stm32g4xx_hal_pwr.o
HAL_PWR_EnterSLEEPMode                            build-make/stm32g4xx_hal_pwr.o
HAL_PWR_EnterSTANDBYMode                          build-make/stm32g4xx_hal_pwr.o
HAL_PWR_EnterSTOPMode                             build-make/stm32g4xx_hal_pwr.o
HAL_PWR_PVDCallback                               build-make/stm32g4xx_hal_pwr.o
                                                  build-make/stm32g4xx_hal_pwr_ex.o
HAL_RCCEx_CRSConfig                               build-make/stm32g4xx_hal_rcc_ex.o
HAL_RCCEx_CRSGetSynchronizationInfo               build-make/stm32g4xx_hal_rcc_ex.o
HAL_RCCEx_CRSSoftwareSynchronizationGenerate      build-make/stm32g4xx_hal_rcc_ex.o
HAL_RCCEx_CRSWaitSynchronization                  build-make/stm32g4xx_hal_rcc_ex.o
HAL_RCCEx_CRS_ErrorCallback                       build-make/stm32g4xx_hal_rcc_ex.o
HAL_RCCEx_CRS_ExpectedSyncCallback                build-make/stm32g4xx_hal_rcc_ex.o
HAL_RCCEx_CRS_IRQHandler                          build-make/stm32g4xx_hal_rcc_ex.o
HAL_RCCEx_CRS_SyncOkCallback                      build-make/stm32g4xx_hal_rcc_ex.o
HAL_RCCEx_CRS_SyncWarnCallback                    build-make/stm32g4xx_hal_rcc_ex.o
HAL_RCCEx_DisableLSCO                             build-make/stm32g4xx_hal_rcc_ex.o
HAL_RCCEx_DisableLSECSS                           build-make/stm32g4xx_hal_rcc_ex.o
HAL_RCCEx_EnableLSCO                              build-make/stm32g4xx_hal_rcc_ex.o
HAL_RCCEx_EnableLSECSS                            build-make/stm32g4xx_hal_rcc_ex.o
HAL_RCCEx_EnableLSECSS_IT                         build-make/stm32g4xx_hal_rcc_ex.o
HAL_RCCEx_GetPeriphCLKConfig                      build-make/stm32g4xx_hal_rcc_ex.o
HAL_RCCEx_GetPeriphCLKFreq                        build-make/stm32g4xx_hal_rcc_ex.o
HAL_RCCEx_LSECSS_Callback                         build-make/stm32g4xx_hal_rcc_ex.o
HAL_RCCEx_LSECSS_IRQHandler                       build-make/stm32g4xx_hal_rcc_ex.o
HAL_RCCEx_PeriphCLKConfig                         build-make/stm32g4xx_hal_rcc_ex.o
                                                  build-make/usart.o
HAL_RCC_CSSCallback                               build-make/stm32g4xx_hal_rcc.o
HAL_RCC_ClockConfig                               build-make/stm32g4xx_hal_rcc.o
                                                  build-make/main.o
HAL_RCC_DeInit                                    build-make/stm32g4xx_hal_rcc.o
HAL_RCC_DisableLSECSS                             build-make/stm32g4xx_hal_rcc.o
HAL_RCC_EnableCSS                                 build-make/stm32g4xx_hal_rcc.o
HAL_RCC_EnableLSECSS                              build-make/stm32g4xx_hal_rcc.o
HAL_RCC_GetClockConfig                            build-make/stm32g4xx_hal_rcc.o
HAL_RCC_GetHCLKFreq                               build-make/stm32g4xx_hal_rcc.o
HAL_RCC_GetOscConfig                              build-make/stm32g4xx_hal_rcc.o
HAL_RCC_GetPCLK1Freq                              build-make/stm32g4xx_hal_rcc.o
                                                  build-make/stm32g4xx_hal_rcc_ex.o
                                                  build-make/stm32g4xx_hal_uart.o
HAL_RCC_GetPCLK2Freq                              build-make/stm32g4xx_hal_rcc.o
                                                  build-make/stm32g4xx_hal_rcc_ex.o
                                                  build-make/stm32g4xx_hal_uart.o
HAL_RCC_GetSysClockFreq                           build-make/stm32g4xx_hal_rcc.o
                                                  build-make/stm32g4xx_hal_rcc_ex.o
                                                  build-make/stm32g4xx_hal_uart.o
HAL_RCC_MCOConfig                                 build-make/stm32g4xx_hal_rcc.o
HAL_RCC_NMI_IRQHandler                            build-make/stm32g4xx_hal_rcc.o
HAL_RCC_OscConfig                                 build-make/stm32g4xx_hal_rcc.o
                                                  build-make/main.o
HAL_RS485Ex_Init                                  build-make/stm32g4xx_hal_uart_ex.o
HAL_ResumeTick                                    build-make/stm32g4xx_hal.o
HAL_SYSCFG_CCMSRAMErase                           build-make/stm32g4xx_hal.o
HAL_SYSCFG_CCMSRAM_WriteProtectionEnable          build-make/stm32g4xx_hal.o
HAL_SYSCFG_DisableIOSwitchBooster                 build-make/stm32g4xx_hal.o
HAL_SYSCFG_DisableIOSwitchVDD                     build-make/stm32g4xx_hal.o
HAL_SYSCFG_DisableMemorySwappingBank              build-make/stm32g4xx_hal.o
HAL_SYSCFG_DisableVREFBUF                         build-make/stm32g4xx_hal.o
HAL_SYSCFG_EnableIOSwitchBooster                  build-make/stm32g4xx_hal.o
HAL_SYSCFG_EnableIOSwitchVDD                      build-make/stm32g4xx_hal.o
HAL_SYSCFG_EnableMemorySwappingBank               build-make/stm32g4xx_hal.o
HAL_SYSCFG_EnableVREFBUF                          build-make/stm32g4xx_hal.o
HAL_SYSCFG_VREFBUF_HighImpedanceConfig            build-make/stm32g4xx_hal.o
HAL_SYSCFG_VREFBUF_TrimmingConfig                 build-make/stm32g4xx_hal.o
HAL_SYSCFG_VREFBUF_VoltageScalingConfig           build-make/stm32g4xx_hal.o
HAL_SYSTICK_CLKSourceConfig                       build-make/stm32g4xx_hal_cortex.o
HAL_SYSTICK_Callback                              build-make/stm32g4xx_hal_cortex.o
HAL_SYSTICK_Config                                build-make/stm32g4xx_hal_cortex.o
                                                  build-make/stm32g4xx_hal.o
HAL_SYSTICK_IRQHandler                            build-make/stm32g4xx_hal_cortex.o
HAL_SetTickFreq                                   build-make/stm32g4xx_hal.o
HAL_SuspendTick                                   build-make/stm32g4xx_hal.o
HAL_UARTEx_DisableFifoMode                        build-make/stm32g4xx_hal_uart_ex.o
                                                  build-make/usart.o
HAL_UARTEx_DisableStopMode                        build-make/stm32g4xx_hal_uart_ex.o
HAL_UARTEx_EnableFifoMode                         build-make/stm32g4xx_hal_uart_ex.o
HAL_UARTEx_EnableStopMode                         build-make/stm32g4xx_hal_uart_ex.o
HAL_UARTEx_GetRxEventType                         build-make/stm32g4xx_hal_uart_ex.o
HAL_UARTEx_ReceiveToIdle                          build-make/stm32g4xx_hal_uart_ex.o
HAL_UARTEx_ReceiveToIdle_DMA                      build-make/stm32g4xx_hal_uart_ex.o
HAL_UARTEx_ReceiveToIdle_IT                       build-make/stm32g4xx_hal_uart_ex.o
HAL_UARTEx_RxEventCallback                        build-make/stm32g4xx_hal_uart.o
HAL_UARTEx_RxFifoFullCallback                     build-make/stm32g4xx_hal_uart_ex.o
                                                  build-make/stm32g4xx_hal_uart.o
HAL_UARTEx_SetRxFifoThreshold                     build-make/stm32g4xx_hal_uart_ex.o
                                                  build-make/usart.o
HAL_UARTEx_SetTxFifoThreshold                     build-make/stm32g4xx_hal_uart_ex.o
                                                  build-make/usart.o
HAL_UARTEx_StopModeWakeUpSourceConfig             build-make/stm32g4xx_hal_uart_ex.o
HAL_UARTEx_TxFifoEmptyCallback                    build-make/stm32g4xx_hal_uart_ex.o
                                                  build-make/stm32g4xx_hal_uart.o
HAL_UARTEx_WakeupCallback                         build-make/stm32g4xx_hal_uart_ex.o
                                                  build-make/stm32g4xx_hal_uart.o
HAL_UART_Abort                                    build-make/stm32g4xx_hal_uart.o
HAL_UART_AbortCpltCallback                        build-make/stm32g4xx_hal_uart.o
HAL_UART_AbortReceive                             build-make/stm32g4xx_hal_uart.o
HAL_UART_AbortReceiveCpltCallback                 build-make/stm32g4xx_hal_uart.o
HAL_UART_AbortReceive_IT                          build-make/stm32g4xx_hal_uart.o
HAL_UART_AbortTransmit                            build-make/stm32g4xx_hal_uart.o
HAL_UART_AbortTransmitCpltCallback                build-make/stm32g4xx_hal_uart.o
HAL_UART_AbortTransmit_IT                         build-make/stm32g4xx_hal_uart.o
HAL_UART_Abort_IT                                 build-make/stm32g4xx_hal_uart.o
HAL_UART_DMAPause                                 build-make/stm32g4xx_hal_uart.o
HAL_UART_DMAResume                                build-make/stm32g4xx_hal_uart.o
HAL_UART_DMAStop                                  build-make/stm32g4xx_hal_uart.o
HAL_UART_DeInit                                   build-make/stm32g4xx_hal_uart.o
HAL_UART_DisableReceiverTimeout                   build-make/stm32g4xx_hal_uart.o
HAL_UART_EnableReceiverTimeout                    build-make/stm32g4xx_hal_uart.o
HAL_UART_ErrorCallback                            build-make/stm32g4xx_hal_uart.o
HAL_UART_GetError                                 build-make/stm32g4xx_hal_uart.o
HAL_UART_GetState                                 build-make/stm32g4xx_hal_uart.o
HAL_UART_IRQHandler                               build-make/stm32g4xx_hal_uart.o
HAL_UART_Init                                     build-make/stm32g4xx_hal_uart.o
                                                  build-make/usart.o
HAL_UART_MspDeInit                                build-make/usart.o
HAL_UART_MspInit                                  build-make/usart.o
                                                  build-make/stm32g4xx_hal_uart_ex.o
HAL_UART_Receive                                  build-make/stm32g4xx_hal_uart.o
HAL_UART_Receive_DMA                              build-make/stm32g4xx_hal_uart.o
HAL_UART_Receive_IT                               build-make/stm32g4xx_hal_uart.o
HAL_UART_ReceiverTimeout_Config                   build-make/stm32g4xx_hal_uart.o
HAL_UART_RxCpltCallback                           build-make/stm32g4xx_hal_uart.o
HAL_UART_RxHalfCpltCallback                       build-make/stm32g4xx_hal_uart.o
HAL_UART_Transmit                                 build-make/stm32g4xx_hal_uart.o
HAL_UART_Transmit_DMA                             build-make/stm32g4xx_hal_uart.o
HAL_UART_Transmit_IT                              build-make/stm32g4xx_hal_uart.o
HAL_UART_TxCpltCallback                           build-make/stm32g4xx_hal_uart.o
HAL_UART_TxHalfCpltCallback                       build-make/stm32g4xx_hal_uart.o
HardFault_Handler                                 build-make/stm32g4xx_it.o
I2C1_ER_IRQHandler                                build-make/startup_stm32g431xx.o
I2C1_EV_IRQHandler                                build-make/startup_stm32g431xx.o
I2C2_ER_IRQHandler                                build-make/startup_stm32g431xx.o
I2C2_EV_IRQHandler                                build-make/startup_stm32g431xx.o
I2C3_ER_IRQHandler                                build-make/startup_stm32g431xx.o
I2C3_EV_IRQHandler                                build-make/startup_stm32g431xx.o
LPTIM1_IRQHandler                                 build-make/startup_stm32g431xx.o
LPUART1_IRQHandler                                build-make/startup_stm32g431xx.o
MX_GPIO_Init                                      build-make/gpio.o
                                                  build-make/main.o
MX_USART1_UART_Init                               build-make/usart.o
                                                  build-make/main.o
MemManage_Handler                                 build-make/stm32g4xx_it.o
NMI_Handler                                       build-make/stm32g4xx_it.o
PVD_PVM_IRQHandler                                build-make/startup_stm32g431xx.o
PendSV_Handler                                    build-make/stm32g4xx_it.o
RCC_IRQHandler                                    build-make/startup_stm32g431xx.o
RNG_IRQHandler                                    build-make/startup_stm32g431xx.o
RTC_Alarm_IRQHandler                              build-make/startup_stm32g431xx.o
RTC_TAMP_LSECSS_IRQHandler                        build-make/startup_stm32g431xx.o
RTC_WKUP_IRQHandler                               build-make/startup_stm32g431xx.o
Reset_Handler                                     build-make/startup_stm32g431xx.o
SAI1_IRQHandler                                   build-make/startup_stm32g431xx.o
SPI1_IRQHandler                                   build-make/startup_stm32g431xx.o
SPI2_IRQHandler                                   build-make/startup_stm32g431xx.o
SPI3_IRQHandler                                   build-make/startup_stm32g431xx.o
SVC_Handler                                       build-make/stm32g4xx_it.o
SysTick_Handler                                   build-make/stm32g4xx_it.o
SystemClock_Config                                build-make/main.o
SystemCoreClock                                   build-make/system_stm32g4xx.o
                                                  build-make/stm32g4xx_hal_rcc.o
                                                  build-make/stm32g4xx_hal.o
                                                  build-make/stm32g4xx_hal_pwr_ex.o
SystemCoreClockUpdate                             build-make/system_stm32g4xx.o
SystemInit                                        build-make/system_stm32g4xx.o
                                                  build-make/startup_stm32g431xx.o
TIM1_BRK_TIM15_IRQHandler                         build-make/startup_stm32g431xx.o
TIM1_CC_IRQHandler                                build-make/startup_stm32g431xx.o
TIM1_TRG_COM_TIM17_IRQHandler                     build-make/startup_stm32g431xx.o
TIM1_UP_TIM16_IRQHandler                          build-make/startup_stm32g431xx.o
TIM2_IRQHandler                                   build-make/startup_stm32g431xx.o
TIM3_IRQHandler                                   build-make/startup_stm32g431xx.o
TIM4_IRQHandler                                   build-make/startup_stm32g431xx.o
TIM6_DAC_IRQHandler                               build-make/startup_stm32g431xx.o
TIM7_IRQHandler                                   build-make/startup_stm32g431xx.o
TIM8_BRK_IRQHandler                               build-make/startup_stm32g431xx.o
TIM8_CC_IRQHandler                                build-make/startup_stm32g431xx.o
TIM8_TRG_COM_IRQHandler                           build-make/startup_stm32g431xx.o
TIM8_UP_IRQHandler                                build-make/startup_stm32g431xx.o
UART4_IRQHandler                                  build-make/startup_stm32g431xx.o
UARTPrescTable                                    build-make/stm32g4xx_hal_uart.o
UART_AdvFeatureConfig                             build-make/stm32g4xx_hal_uart.o
                                                  build-make/stm32g4xx_hal_uart_ex.o
UART_CheckIdleState                               build-make/stm32g4xx_hal_uart.o
                                                  build-make/stm32g4xx_hal_uart_ex.o
UART_SetConfig                                    build-make/stm32g4xx_hal_uart.o
                                                  build-make/stm32g4xx_hal_uart_ex.o
UART_Start_Receive_DMA                            build-make/stm32g4xx_hal_uart.o
                                                  build-make/stm32g4xx_hal_uart_ex.o
UART_Start_Receive_IT                             build-make/stm32g4xx_hal_uart.o
                                                  build-make/stm32g4xx_hal_uart_ex.o
UART_WaitOnFlagUntilTimeout                       build-make/stm32g4xx_hal_uart.o
                                                  build-make/stm32g4xx_hal_uart_ex.o
UCPD1_IRQHandler                                  build-make/startup_stm32g431xx.o
USART1_IRQHandler                                 build-make/startup_stm32g431xx.o
USART2_IRQHandler                                 build-make/startup_stm32g431xx.o
USART3_IRQHandler                                 build-make/startup_stm32g431xx.o
USBWakeUp_IRQHandler                              build-make/startup_stm32g431xx.o
USB_HP_IRQHandler                                 build-make/startup_stm32g431xx.o
USB_LP_IRQHandler                                 build-make/startup_stm32g431xx.o
UsageFault_Handler                                build-make/stm32g4xx_it.o
WWDG_IRQHandler                                   build-make/startup_stm32g431xx.o
_ITM_deregisterTMCloneTable                       /home/ferne/Embedded/arm/arm-gnu-toolchain-15.2.rel1-x86_64-arm-none-eabi/bin/../lib/gcc/arm-none-eabi/15.2.1/thumb/v7e-m+fp/hard/crtbegin.o
_ITM_registerTMCloneTable                         /home/ferne/Embedded/arm/arm-gnu-toolchain-15.2.rel1-x86_64-arm-none-eabi/bin/../lib/gcc/arm-none-eabi/15.2.1/thumb/v7e-m+fp/hard/crtbegin.o
_Min_Stack_Size                                   build-make/sysmem.o
__TMC_END__                                       /home/ferne/Embedded/arm/arm-gnu-toolchain-15.2.rel1-x86_64-arm-none-eabi/bin/../lib/gcc/arm-none-eabi/15.2.1/thumb/v7e-m+fp/hard/crtend.o
                                                  /home/ferne/Embedded/arm/arm-gnu-toolchain-15.2.rel1-x86_64-arm-none-eabi/bin/../lib/gcc/arm-none-eabi/15.2.1/thumb/v7e-m+fp/hard/crtbegin.o
__aeabi_idiv0                                     /home/ferne/Embedded/arm/arm-gnu-toolchain-15.2.rel1-x86_64-arm-none-eabi/bin/../lib/gcc/arm-none-eabi/15.2.1/thumb/v7e-m+fp/hard/libgcc.a(_dvmd_tls.o)
__aeabi_ldiv0                                     /home/ferne/Embedded/arm/arm-gnu-toolchain-15.2.rel1-x86_64-arm-none-eabi/bin/../lib/gcc/arm-none-eabi/15.2.1/thumb/v7e-m+fp/hard/libgcc.a(_dvmd_tls.o)
                                                  /home/ferne/Embedded/arm/arm-gnu-toolchain-15.2.rel1-x86_64-arm-none-eabi/bin/../lib/gcc/arm-none-eabi/15.2.1/thumb/v7e-m+fp/hard/libgcc.a(_aeabi_uldivmod.o)
__aeabi_uldivmod                                  /home/ferne/Embedded/arm/arm-gnu-toolchain-15.2.rel1-x86_64-arm-none-eabi/bin/../lib/gcc/arm-none-eabi/15.2.1/thumb/v7e-m+fp/hard/libgcc.a(_aeabi_uldivmod.o)
                                                  build-make/stm32g4xx_hal_uart.o
__bss_end__                                       /home/ferne/Embedded/arm/arm-gnu-toolchain-15.2.rel1-x86_64-arm-none-eabi/bin/../lib/gcc/arm-none-eabi/15.2.1/../../../../arm-none-eabi/lib/thumb/v7e-m+fp/hard/crt0.o
__bss_start__                                     /home/ferne/Embedded/arm/arm-gnu-toolchain-15.2.rel1-x86_64-arm-none-eabi/bin/../lib/gcc/arm-none-eabi/15.2.1/../../../../arm-none-eabi/lib/thumb/v7e-m+fp/hard/crt0.o
__call_exitprocs                                  /home/ferne/Embedded/arm/arm-gnu-toolchain-15.2.rel1-x86_64-arm-none-eabi/bin/../lib/gcc/arm-none-eabi/15.2.1/../../../../arm-none-eabi/lib/thumb/v7e-m+fp/hard/libc_nano.a(libc_a-exit.o)
__deregister_frame_info                           /home/ferne/Embedded/arm/arm-gnu-toolchain-15.2.rel1-x86_64-arm-none-eabi/bin/../lib/gcc/arm-none-eabi/15.2.1/thumb/v7e-m+fp/hard/crtbegin.o
__dso_handle                                      /home/ferne/Embedded/arm/arm-gnu-toolchain-15.2.rel1-x86_64-arm-none-eabi/bin/../lib/gcc/arm-none-eabi/15.2.1/thumb/v7e-m+fp/hard/crtbegin.o
__env                                             build-make/syscalls.o
__errno                                           /home/ferne/Embedded/arm/arm-gnu-toolchain-15.2.rel1-x86_64-arm-none-eabi/bin/../lib/gcc/arm-none-eabi/15.2.1/../../../../arm-none-eabi/lib/thumb/v7e-m+fp/hard/libc_nano.a(libc_a-errno.o)
                                                  build-make/syscalls.o
                                                  build-make/sysmem.o
__fp_lock_all                                     /home/ferne/Embedded/arm/arm-gnu-toolchain-15.2.rel1-x86_64-arm-none-eabi/bin/../lib/gcc/arm-none-eabi/15.2.1/../../../../arm-none-eabi/lib/thumb/v7e-m+fp/hard/libc_nano.a(libc_a-findfp.o)
__fp_unlock_all                                   /home/ferne/Embedded/arm/arm-gnu-toolchain-15.2.rel1-x86_64-arm-none-eabi/bin/../lib/gcc/arm-none-eabi/15.2.1/../../../../arm-none-eabi/lib/thumb/v7e-m+fp/hard/libc_nano.a(libc_a-findfp.o)
__init_array_end                                  /home/ferne/Embedded/arm/arm-gnu-toolchain-15.2.rel1-x86_64-arm-none-eabi/bin/../lib/gcc/arm-none-eabi/15.2.1/../../../../arm-none-eabi/lib/thumb/v7e-m+fp/hard/libc_nano.a(libc_a-init.o)
__init_array_start                                /home/ferne/Embedded/arm/arm-gnu-toolchain-15.2.rel1-x86_64-arm-none-eabi/bin/../lib/gcc/arm-none-eabi/15.2.1/../../../../arm-none-eabi/lib/thumb/v7e-m+fp/hard/libc_nano.a(libc_a-init.o)
__io_getchar                                      build-make/syscalls.o
__io_putchar                                      build-make/syscalls.o
__libc_fini_array                                 /home/ferne/Embedded/arm/arm-gnu-toolchain-15.2.rel1-x86_64-arm-none-eabi/bin/../lib/gcc/arm-none-eabi/15.2.1/../../../../arm-none-eabi/lib/thumb/v7e-m+fp/hard/crt0.o
__libc_init_array                                 /home/ferne/Embedded/arm/arm-gnu-toolchain-15.2.rel1-x86_64-arm-none-eabi/bin/../lib/gcc/arm-none-eabi/15.2.1/../../../../arm-none-eabi/lib/thumb/v7e-m+fp/hard/libc_nano.a(libc_a-init.o)
                                                  build-make/startup_stm32g431xx.o
                                                  /home/ferne/Embedded/arm/arm-gnu-toolchain-15.2.rel1-x86_64-arm-none-eabi/bin/../lib/gcc/arm-none-eabi/15.2.1/../../../../arm-none-eabi/lib/thumb/v7e-m+fp/hard/crt0.o
__lock___arc4random_mutex                         /home/ferne/Embedded/arm/arm-gnu-toolchain-15.2.rel1-x86_64-arm-none-eabi/bin/../lib/gcc/arm-none-eabi/15.2.1/../../../../arm-none-eabi/lib/thumb/v7e-m+fp/hard/libc_nano.a(libc_a-lock.o)
__lock___at_quick_exit_mutex                      /home/ferne/Embedded/arm/arm-gnu-toolchain-15.2.rel1-x86_64-arm-none-eabi/bin/../lib/gcc/arm-none-eabi/15.2.1/../../../../arm-none-eabi/lib/thumb/v7e-m+fp/hard/libc_nano.a(libc_a-lock.o)
__lock___atexit_recursive_mutex                   /home/ferne/Embedded/arm/arm-gnu-toolchain-15.2.rel1-x86_64-arm-none-eabi/bin/../lib/gcc/arm-none-eabi/15.2.1/../../../../arm-none-eabi/lib/thumb/v7e-m+fp/hard/libc_nano.a(libc_a-lock.o)
__lock___dd_hash_mutex                            /home/ferne/Embedded/arm/arm-gnu-toolchain-15.2.rel1-x86_64-arm-none-eabi/bin/../lib/gcc/arm-none-eabi/15.2.1/../../../../arm-none-eabi/lib/thumb/v7e-m+fp/hard/libc_nano.a(libc_a-lock.o)
__lock___env_recursive_mutex                      /home/ferne/Embedded/arm/arm-gnu-toolchain-15.2.rel1-x86_64-arm-none-eabi/bin/../lib/gcc/arm-none-eabi/15.2.1/../../../../arm-none-eabi/lib/thumb/v7e-m+fp/hard/libc_nano.a(libc_a-lock.o)
__lock___malloc_recursive_mutex                   /home/ferne/Embedded/arm/arm-gnu-toolchain-15.2.rel1-x86_64-arm-none-eabi/bin/../lib/gcc/arm-none-eabi/15.2.1/../../../../arm-none-eabi/lib/thumb/v7e-m+fp/hard/libc_nano.a(libc_a-lock.o)
                                                  /home/ferne/Embedded/arm/arm-gnu-toolchain-15.2.rel1-x86_64-arm-none-eabi/bin/../lib/gcc/arm-none-eabi/15.2.1/../../../../arm-none-eabi/lib/thumb/v7e-m+fp/hard/libc_nano.a(libc_a-mlock.o)
__lock___sfp_recursive_mutex                      /home/ferne/Embedded/arm/arm-gnu-toolchain-15.2.rel1-x86_64-arm-none-eabi/bin/../lib/gcc/arm-none-eabi/15.2.1/../../../../arm-none-eabi/lib/thumb/v7e-m+fp/hard/libc_nano.a(libc_a-lock.o)
                                                  /home/ferne/Embedded/arm/arm-gnu-toolchain-15.2.rel1-x86_64-arm-none-eabi/bin/../lib/gcc/arm-none-eabi/15.2.1/../../../../arm-none-eabi/lib/thumb/v7e-m+fp/hard/libc_nano.a(libc_a-findfp.o)
__lock___tz_mutex                                 /home/ferne/Embedded/arm/arm-gnu-toolchain-15.2.rel1-x86_64-arm-none-eabi/bin/../lib/gcc/arm-none-eabi/15.2.1/../../../../arm-none-eabi/lib/thumb/v7e-m+fp/hard/libc_nano.a(libc_a-lock.o)
__malloc_free_list                                /home/ferne/Embedded/arm/arm-gnu-toolchain-15.2.rel1-x86_64-arm-none-eabi/bin/../lib/gcc/arm-none-eabi/15.2.1/../../../../arm-none-eabi/lib/thumb/v7e-m+fp/hard/libc_nano.a(libc_a-mallocr.o)
                                                  /home/ferne/Embedded/arm/arm-gnu-toolchain-15.2.rel1-x86_64-arm-none-eabi/bin/../lib/gcc/arm-none-eabi/15.2.1/../../../../arm-none-eabi/lib/thumb/v7e-m+fp/hard/libc_nano.a(libc_a-freer.o)
__malloc_lock                                     /home/ferne/Embedded/arm/arm-gnu-toolchain-15.2.rel1-x86_64-arm-none-eabi/bin/../lib/gcc/arm-none-eabi/15.2.1/../../../../arm-none-eabi/lib/thumb/v7e-m+fp/hard/libc_nano.a(libc_a-mlock.o)
                                                  /home/ferne/Embedded/arm/arm-gnu-toolchain-15.2.rel1-x86_64-arm-none-eabi/bin/../lib/gcc/arm-none-eabi/15.2.1/../../../../arm-none-eabi/lib/thumb/v7e-m+fp/hard/libc_nano.a(libc_a-mallocr.o)
                                                  /home/ferne/Embedded/arm/arm-gnu-toolchain-15.2.rel1-x86_64-arm-none-eabi/bin/../lib/gcc/arm-none-eabi/15.2.1/../../../../arm-none-eabi/lib/thumb/v7e-m+fp/hard/libc_nano.a(libc_a-freer.o)
__malloc_sbrk_start                               /home/ferne/Embedded/arm/arm-gnu-toolchain-15.2.rel1-x86_64-arm-none-eabi/bin/../lib/gcc/arm-none-eabi/15.2.1/../../../../arm-none-eabi/lib/thumb/v7e-m+fp/hard/libc_nano.a(libc_a-mallocr.o)
__malloc_unlock                                   /home/ferne/Embedded/arm/arm-gnu-toolchain-15.2.rel1-x86_64-arm-none-eabi/bin/../lib/gcc/arm-none-eabi/15.2.1/../../../../arm-none-eabi/lib/thumb/v7e-m+fp/hard/libc_nano.a(libc_a-mlock.o)
                                                  /home/ferne/Embedded/arm/arm-gnu-toolchain-15.2.rel1-x86_64-arm-none-eabi/bin/../lib/gcc/arm-none-eabi/15.2.1/../../../../arm-none-eabi/lib/thumb/v7e-m+fp/hard/libc_nano.a(libc_a-mallocr.o)
                                                  /home/ferne/Embedded/arm/arm-gnu-toolchain-15.2.rel1-x86_64-arm-none-eabi/bin/../lib/gcc/arm-none-eabi/15.2.1/../../../../arm-none-eabi/lib/thumb/v7e-m+fp/hard/libc_nano.a(libc_a-freer.o)
__preinit_array_end                               /home/ferne/Embedded/arm/arm-gnu-toolchain-15.2.rel1-x86_64-arm-none-eabi/bin/../lib/gcc/arm-none-eabi/15.2.1/../../../../arm-none-eabi/lib/thumb/v7e-m+fp/hard/libc_nano.a(libc_a-init.o)
__preinit_array_start                             /home/ferne/Embedded/arm/arm-gnu-toolchain-15.2.rel1-x86_64-arm-none-eabi/bin/../lib/gcc/arm-none-eabi/15.2.1/../../../../arm-none-eabi/lib/thumb/v7e-m+fp/hard/libc_nano.a(libc_a-init.o)
__register_frame_info                             /home/ferne/Embedded/arm/arm-gnu-toolchain-15.2.rel1-x86_64-arm-none-eabi/bin/../lib/gcc/arm-none-eabi/15.2.1/thumb/v7e-m+fp/hard/crtbegin.o
__retarget_lock_acquire                           /home/ferne/Embedded/arm/arm-gnu-toolchain-15.2.rel1-x86_64-arm-none-eabi/bin/../lib/gcc/arm-none-eabi/15.2.1/../../../../arm-none-eabi/lib/thumb/v7e-m+fp/hard/libc_nano.a(libc_a-lock.o)
__retarget_lock_acquire_recursive                 /home/ferne/Embedded/arm/arm-gnu-toolchain-15.2.rel1-x86_64-arm-none-eabi/bin/../lib/gcc/arm-none-eabi/15.2.1/../../../../arm-none-eabi/lib/thumb/v7e-m+fp/hard/libc_nano.a(libc_a-lock.o)
                                                  /home/ferne/Embedded/arm/arm-gnu-toolchain-15.2.rel1-x86_64-arm-none-eabi/bin/../lib/gcc/arm-none-eabi/15.2.1/../../../../arm-none-eabi/lib/thumb/v7e-m+fp/hard/libc_nano.a(libc_a-fflush.o)
                                                  /home/ferne/Embedded/arm/arm-gnu-toolchain-15.2.rel1-x86_64-arm-none-eabi/bin/../lib/gcc/arm-none-eabi/15.2.1/../../../../arm-none-eabi/lib/thumb/v7e-m+fp/hard/libc_nano.a(libc_a-mlock.o)
                                                  /home/ferne/Embedded/arm/arm-gnu-toolchain-15.2.rel1-x86_64-arm-none-eabi/bin/../lib/gcc/arm-none-eabi/15.2.1/../../../../arm-none-eabi/lib/thumb/v7e-m+fp/hard/libc_nano.a(libc_a-findfp.o)
__retarget_lock_close                             /home/ferne/Embedded/arm/arm-gnu-toolchain-15.2.rel1-x86_64-arm-none-eabi/bin/../lib/gcc/arm-none-eabi/15.2.1/../../../../arm-none-eabi/lib/thumb/v7e-m+fp/hard/libc_nano.a(libc_a-lock.o)
__retarget_lock_close_recursive                   /home/ferne/Embedded/arm/arm-gnu-toolchain-15.2.rel1-x86_64-arm-none-eabi/bin/../lib/gcc/arm-none-eabi/15.2.1/../../../../arm-none-eabi/lib/thumb/v7e-m+fp/hard/libc_nano.a(libc_a-lock.o)
__retarget_lock_init                              /home/ferne/Embedded/arm/arm-gnu-toolchain-15.2.rel1-x86_64-arm-none-eabi/bin/../lib/gcc/arm-none-eabi/15.2.1/../../../../arm-none-eabi/lib/thumb/v7e-m+fp/hard/libc_nano.a(libc_a-lock.o)
__retarget_lock_init_recursive                    /home/ferne/Embedded/arm/arm-gnu-toolchain-15.2.rel1-x86_64-arm-none-eabi/bin/../lib/gcc/arm-none-eabi/15.2.1/../../../../arm-none-eabi/lib/thumb/v7e-m+fp/hard/libc_nano.a(libc_a-lock.o)
                                                  /home/ferne/Embedded/arm/arm-gnu-toolchain-15.2.rel1-x86_64-arm-none-eabi/bin/../lib/gcc/arm-none-eabi/15.2.1/../../../../arm-none-eabi/lib/thumb/v7e-m+fp/hard/libc_nano.a(libc_a-findfp.o)
__retarget_lock_release                           /home/ferne/Embedded/arm/arm-gnu-toolchain-15.2.rel1-x86_64-arm-none-eabi/bin/../lib/gcc/arm-none-eabi/15.2.1/../../../../arm-none-eabi/lib/thumb/v7e-m+fp/hard/libc_nano.a(libc_a-lock.o)
__retarget_lock_release_recursive                 /home/ferne/Embedded/arm/arm-gnu-toolchain-15.2.rel1-x86_64-arm-none-eabi/bin/../lib/gcc/arm-none-eabi/15.2.1/../../../../arm-none-eabi/lib/thumb/v7e-m+fp/hard/libc_nano.a(libc_a-lock.o)
                                                  /home/ferne/Embedded/arm/arm-gnu-toolchain-15.2.rel1-x86_64-arm-none-eabi/bin/../lib/gcc/arm-none-eabi/15.2.1/../../../../arm-none-eabi/lib/thumb/v7e-m+fp/hard/libc_nano.a(libc_a-fflush.o)
                                                  /home/ferne/Embedded/arm/arm-gnu-toolchain-15.2.rel1-x86_64-arm-none-eabi/bin/../lib/gcc/arm-none-eabi/15.2.1/../../../../arm-none-eabi/lib/thumb/v7e-m+fp/hard/libc_nano.a(libc_a-mlock.o)
                                                  /home/ferne/Embedded/arm/arm-gnu-toolchain-15.2.rel1-x86_64-arm-none-eabi/bin/../lib/gcc/arm-none-eabi/15.2.1/../../../../arm-none-eabi/lib/thumb/v7e-m+fp/hard/libc_nano.a(libc_a-findfp.o)
__retarget_lock_try_acquire                       /home/ferne/Embedded/arm/arm-gnu-toolchain-15.2.rel1-x86_64-arm-none-eabi/bin/../lib/gcc/arm-none-eabi/15.2.1/../../../../arm-none-eabi/lib/thumb/v7e-m+fp/hard/libc_nano.a(libc_a-lock.o)
__retarget_lock_try_acquire_recursive             /home/ferne/Embedded/arm/arm-gnu-toolchain-15.2.rel1-x86_64-arm-none-eabi/bin/../lib/gcc/arm-none-eabi/15.2.1/../../../../arm-none-eabi/lib/thumb/v7e-m+fp/hard/libc_nano.a(libc_a-lock.o)
__sclose                                          /home/ferne/Embedded/arm/arm-gnu-toolchain-15.2.rel1-x86_64-arm-none-eabi/bin/../lib/gcc/arm-none-eabi/15.2.1/../../../../arm-none-eabi/lib/thumb/v7e-m+fp/hard/libc_nano.a(libc_a-stdio.o)
                                                  /home/ferne/Embedded/arm/arm-gnu-toolchain-15.2.rel1-x86_64-arm-none-eabi/bin/../lib/gcc/arm-none-eabi/15.2.1/../../../../arm-none-eabi/lib/thumb/v7e-m+fp/hard/libc_nano.a(libc_a-findfp.o)
__seofread                                        /home/ferne/Embedded/arm/arm-gnu-toolchain-15.2.rel1-x86_64-arm-none-eabi/bin/../lib/gcc/arm-none-eabi/15.2.1/../../../../arm-none-eabi/lib/thumb/v7e-m+fp/hard/libc_nano.a(libc_a-stdio.o)
__sf                                              /home/ferne/Embedded/arm/arm-gnu-toolchain-15.2.rel1-x86_64-arm-none-eabi/bin/../lib/gcc/arm-none-eabi/15.2.1/../../../../arm-none-eabi/lib/thumb/v7e-m+fp/hard/libc_nano.a(libc_a-findfp.o)
                                                  /home/ferne/Embedded/arm/arm-gnu-toolchain-15.2.rel1-x86_64-arm-none-eabi/bin/../lib/gcc/arm-none-eabi/15.2.1/../../../../arm-none-eabi/lib/thumb/v7e-m+fp/hard/libc_nano.a(libc_a-impure.o)
__sflush_r                                        /home/ferne/Embedded/arm/arm-gnu-toolchain-15.2.rel1-x86_64-arm-none-eabi/bin/../lib/gcc/arm-none-eabi/15.2.1/../../../../arm-none-eabi/lib/thumb/v7e-m+fp/hard/libc_nano.a(libc_a-fflush.o)
__sfp                                             /home/ferne/Embedded/arm/arm-gnu-toolchain-15.2.rel1-x86_64-arm-none-eabi/bin/../lib/gcc/arm-none-eabi/15.2.1/../../../../arm-none-eabi/lib/thumb/v7e-m+fp/hard/libc_nano.a(libc_a-findfp.o)
__sfp_lock_acquire                                /home/ferne/Embedded/arm/arm-gnu-toolchain-15.2.rel1-x86_64-arm-none-eabi/bin/../lib/gcc/arm-none-eabi/15.2.1/../../../../arm-none-eabi/lib/thumb/v7e-m+fp/hard/libc_nano.a(libc_a-findfp.o)
__sfp_lock_release                                /home/ferne/Embedded/arm/arm-gnu-toolchain-15.2.rel1-x86_64-arm-none-eabi/bin/../lib/gcc/arm-none-eabi/15.2.1/../../../../arm-none-eabi/lib/thumb/v7e-m+fp/hard/libc_nano.a(libc_a-findfp.o)
__sglue                                           /home/ferne/Embedded/arm/arm-gnu-toolchain-15.2.rel1-x86_64-arm-none-eabi/bin/../lib/gcc/arm-none-eabi/15.2.1/../../../../arm-none-eabi/lib/thumb/v7e-m+fp/hard/libc_nano.a(libc_a-findfp.o)
                                                  /home/ferne/Embedded/arm/arm-gnu-toolchain-15.2.rel1-x86_64-arm-none-eabi/bin/../lib/gcc/arm-none-eabi/15.2.1/../../../../arm-none-eabi/lib/thumb/v7e-m+fp/hard/libc_nano.a(libc_a-fflush.o)
__sinit                                           /home/ferne/Embedded/arm/arm-gnu-toolchain-15.2.rel1-x86_64-arm-none-eabi/bin/../lib/gcc/arm-none-eabi/15.2.1/../../../../arm-none-eabi/lib/thumb/v7e-m+fp/hard/libc_nano.a(libc_a-findfp.o)
                                                  /home/ferne/Embedded/arm/arm-gnu-toolchain-15.2.rel1-x86_64-arm-none-eabi/bin/../lib/gcc/arm-none-eabi/15.2.1/../../../../arm-none-eabi/lib/thumb/v7e-m+fp/hard/libc_nano.a(libc_a-fflush.o)
__sread                                           /home/ferne/Embedded/arm/arm-gnu-toolchain-15.2.rel1-x86_64-arm-none-eabi/bin/../lib/gcc/arm-none-eabi/15.2.1/../../../../arm-none-eabi/lib/thumb/v7e-m+fp/hard/libc_nano.a(libc_a-stdio.o)
                                                  /home/ferne/Embedded/arm/arm-gnu-toolchain-15.2.rel1-x86_64-arm-none-eabi/bin/../lib/gcc/arm-none-eabi/15.2.1/../../../../arm-none-eabi/lib/thumb/v7e-m+fp/hard/libc_nano.a(libc_a-findfp.o)
__sseek                                           /home/ferne/Embedded/arm/arm-gnu-toolchain-15.2.rel1-x86_64-arm-none-eabi/bin/../lib/gcc/arm-none-eabi/15.2.1/../../../../arm-none-eabi/lib/thumb/v7e-m+fp/hard/libc_nano.a(libc_a-stdio.o)
                                                  /home/ferne/Embedded/arm/arm-gnu-toolchain-15.2.rel1-x86_64-arm-none-eabi/bin/../lib/gcc/arm-none-eabi/15.2.1/../../../../arm-none-eabi/lib/thumb/v7e-m+fp/hard/libc_nano.a(libc_a-findfp.o)
__stack                                           /home/ferne/Embedded/arm/arm-gnu-toolchain-15.2.rel1-x86_64-arm-none-eabi/bin/../lib/gcc/arm-none-eabi/15.2.1/../../../../arm-none-eabi/lib/thumb/v7e-m+fp/hard/crt0.o
__stdio_exit_handler                              /home/ferne/Embedded/arm/arm-gnu-toolchain-15.2.rel1-x86_64-arm-none-eabi/bin/../lib/gcc/arm-none-eabi/15.2.1/../../../../arm-none-eabi/lib/thumb/v7e-m+fp/hard/libc_nano.a(libc_a-findfp.o)
                                                  /home/ferne/Embedded/arm/arm-gnu-toolchain-15.2.rel1-x86_64-arm-none-eabi/bin/../lib/gcc/arm-none-eabi/15.2.1/../../../../arm-none-eabi/lib/thumb/v7e-m+fp/hard/libc_nano.a(libc_a-exit.o)
__swrite                                          /home/ferne/Embedded/arm/arm-gnu-toolchain-15.2.rel1-x86_64-arm-none-eabi/bin/../lib/gcc/arm-none-eabi/15.2.1/../../../../arm-none-eabi/lib/thumb/v7e-m+fp/hard/libc_nano.a(libc_a-stdio.o)
                                                  /home/ferne/Embedded/arm/arm-gnu-toolchain-15.2.rel1-x86_64-arm-none-eabi/bin/../lib/gcc/arm-none-eabi/15.2.1/../../../../arm-none-eabi/lib/thumb/v7e-m+fp/hard/libc_nano.a(libc_a-findfp.o)
__udivmoddi4                                      /home/ferne/Embedded/arm/arm-gnu-toolchain-15.2.rel1-x86_64-arm-none-eabi/bin/../lib/gcc/arm-none-eabi/15.2.1/thumb/v7e-m+fp/hard/libgcc.a(_udivmoddi4.o)
                                                  /home/ferne/Embedded/arm/arm-gnu-toolchain-15.2.rel1-x86_64-arm-none-eabi/bin/../lib/gcc/arm-none-eabi/15.2.1/thumb/v7e-m+fp/hard/libgcc.a(_aeabi_uldivmod.o)
_close                                            build-make/syscalls.o
                                                  /home/ferne/Embedded/arm/arm-gnu-toolchain-15.2.rel1-x86_64-arm-none-eabi/bin/../lib/gcc/arm-none-eabi/15.2.1/../../../../arm-none-eabi/lib/thumb/v7e-m+fp/hard/libc_nano.a(libc_a-closer.o)
_close_r                                          /home/ferne/Embedded/arm/arm-gnu-toolchain-15.2.rel1-x86_64-arm-none-eabi/bin/../lib/gcc/arm-none-eabi/15.2.1/../../../../arm-none-eabi/lib/thumb/v7e-m+fp/hard/libc_nano.a(libc_a-closer.o)
                                                  /home/ferne/Embedded/arm/arm-gnu-toolchain-15.2.rel1-x86_64-arm-none-eabi/bin/../lib/gcc/arm-none-eabi/15.2.1/../../../../arm-none-eabi/lib/thumb/v7e-m+fp/hard/libc_nano.a(libc_a-stdio.o)
_ebss                                             build-make/startup_stm32g431xx.o
_edata                                            build-make/startup_stm32g431xx.o
_end                                              build-make/sysmem.o
_estack                                           build-make/startup_stm32g431xx.o
                                                  build-make/sysmem.o
_execve                                           build-make/syscalls.o
_exit                                             build-make/syscalls.o
                                                  /home/ferne/Embedded/arm/arm-gnu-toolchain-15.2.rel1-x86_64-arm-none-eabi/bin/../lib/gcc/arm-none-eabi/15.2.1/../../../../arm-none-eabi/lib/thumb/v7e-m+fp/hard/libc_nano.a(libc_a-exit.o)
_fflush_r                                         /home/ferne/Embedded/arm/arm-gnu-toolchain-15.2.rel1-x86_64-arm-none-eabi/bin/../lib/gcc/arm-none-eabi/15.2.1/../../../../arm-none-eabi/lib/thumb/v7e-m+fp/hard/libc_nano.a(libc_a-fflush.o)
                                                  /home/ferne/Embedded/arm/arm-gnu-toolchain-15.2.rel1-x86_64-arm-none-eabi/bin/../lib/gcc/arm-none-eabi/15.2.1/../../../../arm-none-eabi/lib/thumb/v7e-m+fp/hard/libc_nano.a(libc_a-findfp.o)